MPLINK 4.46, Linker
Linker Map File - Created Wed Apr 17 10:45:09 2013

                                 Section Info
                  Section       Type    Address   Location Size(Bytes)
                ---------  ---------  ---------  ---------  ---------
               _entry_scn       code   0x000000    program   0x000006
           .code___init.o       code   0x000006    program   0x000002
      InterruptVectorHigh       code   0x000008    program   0x000006
         .code_i2c_dtrd.o       code   0x00000e    program   0x000006
         .code_i2c_strt.o       code   0x000014    program   0x000004
       InterruptVectorLow       code   0x000018    program   0x000006
                   .cinit    romdata   0x00001e    program   0x00001a
       .code_usbctrltrf.o       code   0x000038    program   0x00032e
              .code_cdc.o       code   0x000366    program   0x0002f8
      .code_morgan_code.o       code   0x00065e    program   0x00017e
             _startup_scn       code   0x0007dc    program   0x00001c
         .code_i2c_nack.o       code   0x0007f8    program   0x000006
      .romdata_i2c_eesr.o    romdata   0x0007fe    program   0x000000
      .idata_i2c_eesr.o_i    romdata   0x0007fe    program   0x000000
      .idata_i2c_gets.o_i    romdata   0x0007fe    program   0x000000
      .romdata_i2c_eerr.o    romdata   0x0007fe    program   0x000000
      .idata_i2c_eerr.o_i    romdata   0x0007fe    program   0x000000
      .romdata_i2c_eepw.o    romdata   0x0007fe    program   0x000000
      .idata_i2c_eepw.o_i    romdata   0x0007fe    program   0x000000
      .romdata_i2c_eecr.o    romdata   0x0007fe    program   0x000000
      .idata_i2c_eecr.o_i    romdata   0x0007fe    program   0x000000
      .romdata_i2c_eebw.o    romdata   0x0007fe    program   0x000000
      .idata_i2c_eebw.o_i    romdata   0x0007fe    program   0x000000
      .romdata_i2c_eeap.o    romdata   0x0007fe    program   0x000000
      .idata_i2c_eeap.o_i    romdata   0x0007fe    program   0x000000
      .romdata_i2c_dtrd.o    romdata   0x0007fe    program   0x000000
      .idata_i2c_dtrd.o_i    romdata   0x0007fe    program   0x000000
      .romdata_i2c_clos.o    romdata   0x0007fe    program   0x000000
      .idata_i2c_clos.o_i    romdata   0x0007fe    program   0x000000
        .romdata___init.o    romdata   0x0007fe    program   0x000000
        .idata___init.o_i    romdata   0x0007fe    program   0x000000
      .romdata_fxd3232u.o    romdata   0x0007fe    program   0x000000
      .idata_fxd3232u.o_i    romdata   0x0007fe    program   0x000000
      .romdata_i2c_writ.o    romdata   0x0007fe    program   0x000000
      .idata_i2c_writ.o_i    romdata   0x0007fe    program   0x000000
      .romdata_i2c_strt.o    romdata   0x0007fe    program   0x000000
      .idata_i2c_strt.o_i    romdata   0x0007fe    program   0x000000
      .romdata_i2c_stop.o    romdata   0x0007fe    program   0x000000
      .idata_i2c_stop.o_i    romdata   0x0007fe    program   0x000000
      .romdata_i2c_rstr.o    romdata   0x0007fe    program   0x000000
      .idata_i2c_rstr.o_i    romdata   0x0007fe    program   0x000000
      .romdata_i2c_read.o    romdata   0x0007fe    program   0x000000
      .idata_i2c_read.o_i    romdata   0x0007fe    program   0x000000
      .romdata_i2c_puts.o    romdata   0x0007fe    program   0x000000
      .idata_i2c_puts.o_i    romdata   0x0007fe    program   0x000000
      .romdata_i2c_open.o    romdata   0x0007fe    program   0x000000
      .idata_i2c_open.o_i    romdata   0x0007fe    program   0x000000
      .romdata_i2c_nack.o    romdata   0x0007fe    program   0x000000
      .idata_i2c_nack.o_i    romdata   0x0007fe    program   0x000000
      .romdata_i2c_idle.o    romdata   0x0007fe    program   0x000000
      .idata_i2c_idle.o_i    romdata   0x0007fe    program   0x000000
      .romdata_i2c_gets.o    romdata   0x0007fe    program   0x000000
         .idata_c018i.o_i    romdata   0x0007fe    program   0x000000
         .romdata_c018i.o    romdata   0x0007fe    program   0x000000
            .code_c018i.o       code   0x0007fe    program   0x000000
        .idata_usbdsc.o_i    romdata   0x0007fe    program   0x000000
           .code_usbdsc.o       code   0x0007fe    program   0x000000
          .idata_main.o_i    romdata   0x0007fe    program   0x000000
          .romdata_main.o    romdata   0x0007fe    program   0x000000
           .idata_cdc.o_i    romdata   0x0007fe    program   0x000000
           .romdata_cdc.o    romdata   0x0007fe    program   0x000000
          .idata_usb9.o_i    romdata   0x0007fe    program   0x000000
          .romdata_usb9.o    romdata   0x0007fe    program   0x000000
    .idata_usbctrltrf.o_i    romdata   0x0007fe    program   0x000000
    .romdata_usbctrltrf.o    romdata   0x0007fe    program   0x000000
        .idata_usbdrv.o_i    romdata   0x0007fe    program   0x000000
        .romdata_usbdrv.o    romdata   0x0007fe    program   0x000000
       .idata_usbmmap.o_i    romdata   0x0007fe    program   0x000000
   .romdata_morgan_code.o    romdata   0x0007fe    program   0x000000
             .stringtable    romdata   0x0007fe    program   0x000000
       .idata_i2c_ack.o_i    romdata   0x0007fe    program   0x000000
       .romdata_usbmmap.o    romdata   0x0007fe    program   0x000000
          .code_usbmmap.o       code   0x0007fe    program   0x000000
       .romdata_i2c_ack.o    romdata   0x0007fe    program   0x000000
  _RESET_INTERRUPT_VECTOR       code   0x000800    program   0x000006
             .code_user.o       code   0x000806    program   0x000f30
             .code_usb9.o       code   0x001736    program   0x00027c
           .code_usbdrv.o       code   0x0019b2    program   0x0001be
                    .code       code   0x001b70    program   0x000160
         .code_i2c_eesr.o       code   0x001cd0    program   0x0000de
         .code_i2c_eerr.o       code   0x001dae    program   0x0000d8
          .romdata_user.o    romdata   0x001e86    program   0x0000cd
        .romdata_usbdsc.o    romdata   0x001f53    program   0x0000cd
         .code_i2c_eepw.o       code   0x002020    program   0x0000a2
               _cinit_scn       code   0x0020c2    program   0x00009e
         .code_i2c_eebw.o       code   0x002160    program   0x00008e
         .code_i2c_eecr.o       code   0x0021ee    program   0x000084
         .code_i2c_eeap.o       code   0x002272    program   0x000078
         .code_i2c_puts.o       code   0x0022ea    program   0x00006a
         .code_i2c_gets.o       code   0x002354    program   0x00006a
                     PROG       code   0x0023be    program   0x000068
         .code_i2c_writ.o       code   0x002426    program   0x000066
         .code_fxd3232u.o       code   0x00248c    program   0x000048
             .code_main.o       code   0x0024d4    program   0x000032
         .code_i2c_open.o       code   0x002506    program   0x00002a
         .code_i2c_read.o       code   0x002530    program   0x00001a
         .code_i2c_idle.o       code   0x00254a    program   0x00000e
          .code_i2c_ack.o       code   0x002558    program   0x000006
         .code_i2c_stop.o       code   0x00255e    program   0x000004
         .code_i2c_rstr.o       code   0x002562    program   0x000004
         .code_i2c_clos.o       code   0x002566    program   0x000004
          .idata_user.o_i    romdata   0x00256a    program   0x00009d
   .idata_morgan_code.o_i    romdata   0x002607    program   0x00000a
    .config_300000_main.o    romdata   0x300000    program   0x000001
    .config_300001_main.o    romdata   0x300001    program   0x000001
    .config_300002_main.o    romdata   0x300002    program   0x000001
    .config_300003_main.o    romdata   0x300003    program   0x000001
    .config_300005_main.o    romdata   0x300005    program   0x000001
    .config_300006_main.o    romdata   0x300006    program   0x000001
    .config_300008_main.o    romdata   0x300008    program   0x000001
    .config_300009_main.o    romdata   0x300009    program   0x000001
    .config_30000a_main.o    romdata   0x30000a    program   0x000001
    .config_30000b_main.o    romdata   0x30000b    program   0x000001
    .config_30000c_main.o    romdata   0x30000c    program   0x000001
    .config_30000d_main.o    romdata   0x30000d    program   0x000001
                MATH_DATA      udata   0x000000       data   0x000010
  InterruptHandlerLow_tmp      udata   0x000010       data   0x00000c
                 .tmpdata      udata   0x00001c       data   0x00000c
               .udata_acs      udata   0x000028       data   0x000005
            .idata_user.o      idata   0x000060       data   0x00009d
          .udata_usbdrv.o      udata   0x0000fd       data   0x000003
      .udata_usbctrltrf.o      udata   0x000100       data   0x000009
        .idata_i2c_eerr.o      idata   0x000109       data   0x000000
        .udata_i2c_eesr.o      udata   0x000109       data   0x000000
        .idata_i2c_eesr.o      idata   0x000109       data   0x000000
        .udata_i2c_gets.o      udata   0x000109       data   0x000000
        .idata_i2c_gets.o      idata   0x000109       data   0x000000
        .udata_i2c_idle.o      udata   0x000109       data   0x000000
        .idata_i2c_idle.o      idata   0x000109       data   0x000000
        .udata_i2c_nack.o      udata   0x000109       data   0x000000
        .idata_i2c_nack.o      idata   0x000109       data   0x000000
        .udata_i2c_open.o      udata   0x000109       data   0x000000
        .idata_i2c_open.o      idata   0x000109       data   0x000000
        .udata_i2c_eerr.o      udata   0x000109       data   0x000000
        .idata_i2c_eepw.o      idata   0x000109       data   0x000000
        .udata_i2c_eepw.o      udata   0x000109       data   0x000000
        .udata_i2c_puts.o      udata   0x000109       data   0x000000
        .idata_i2c_puts.o      idata   0x000109       data   0x000000
        .udata_i2c_read.o      udata   0x000109       data   0x000000
        .idata_i2c_read.o      idata   0x000109       data   0x000000
        .udata_i2c_rstr.o      udata   0x000109       data   0x000000
        .idata_i2c_rstr.o      idata   0x000109       data   0x000000
        .udata_i2c_stop.o      udata   0x000109       data   0x000000
        .idata_i2c_stop.o      idata   0x000109       data   0x000000
        .udata_i2c_strt.o      udata   0x000109       data   0x000000
        .idata_i2c_strt.o      idata   0x000109       data   0x000000
        .udata_i2c_writ.o      udata   0x000109       data   0x000000
        .idata_i2c_writ.o      idata   0x000109       data   0x000000
        .udata_fxd3232u.o      udata   0x000109       data   0x000000
        .idata_fxd3232u.o      idata   0x000109       data   0x000000
          .udata___init.o      udata   0x000109       data   0x000000
          .idata___init.o      idata   0x000109       data   0x000000
           .idata_c018i.o      idata   0x000109       data   0x000000
          .udata_usbdsc.o      udata   0x000109       data   0x000000
          .idata_usbdsc.o      idata   0x000109       data   0x000000
            .udata_main.o      udata   0x000109       data   0x000000
            .idata_main.o      idata   0x000109       data   0x000000
             .idata_cdc.o      idata   0x000109       data   0x000000
            .udata_usb9.o      udata   0x000109       data   0x000000
            .idata_usb9.o      idata   0x000109       data   0x000000
      .idata_usbctrltrf.o      idata   0x000109       data   0x000000
          .idata_usbdrv.o      idata   0x000109       data   0x000000
         .idata_usbmmap.o      idata   0x000109       data   0x000000
        .idata_i2c_eecr.o      idata   0x000109       data   0x000000
        .udata_i2c_eecr.o      udata   0x000109       data   0x000000
        .idata_i2c_eebw.o      idata   0x000109       data   0x000000
        .udata_i2c_eebw.o      udata   0x000109       data   0x000000
        .idata_i2c_eeap.o      idata   0x000109       data   0x000000
        .udata_i2c_eeap.o      udata   0x000109       data   0x000000
        .idata_i2c_dtrd.o      idata   0x000109       data   0x000000
        .udata_i2c_dtrd.o      udata   0x000109       data   0x000000
        .idata_i2c_clos.o      idata   0x000109       data   0x000000
        .udata_i2c_clos.o      udata   0x000109       data   0x000000
         .idata_i2c_ack.o      idata   0x000109       data   0x000000
         .udata_i2c_ack.o      udata   0x000109       data   0x000000
                   .stack      udata   0x000300       data   0x000100
                  usbram4      udata   0x000400       data   0x0000b8
             .udata_cdc.o      udata   0x0004b8       data   0x000018
            .udata_user.o      udata   0x0004d0       data   0x000014
           .udata_c018i.o      udata   0x0004e4       data   0x00000a
     .idata_morgan_code.o      idata   0x0004ee       data   0x00000a
         .udata_usbmmap.o      udata   0x0004f8       data   0x000004
     .udata_morgan_code.o      udata   0x0004fc       data   0x000004
            SFR_UNBANKED0      udata   0x000f66       data   0x00009a



                              Program Memory Usage 
                               Start         End      
                           ---------   ---------      
                            0x000000    0x0007fd      
                            0x000800    0x002610      
                            0x300000    0x300003      
                            0x300005    0x300006      
                            0x300008    0x30000d      
            9755 out of 24856 program addresses used, program memory utilization is 39%



                              Symbols - Sorted by Name
                     Name    Address   Location    Storage File                     
                ---------  ---------  ---------  --------- ---------                
                   AckI2C   0x002558    program     extern Z:\home\paul\xfer\picf2450\badge-usb\i2c\i2c_ack.c
                CDCInitEP   0x00040a    program     extern Z:\home\paul\xfer\picf2450\badge-usb\system\usb\class\cdc\cdc.c
             CDCTxService   0x00053e    program     extern Z:\home\paul\xfer\picf2450\badge-usb\system\usb\class\cdc\cdc.c
           CarrierLoopOne   0x001c48    program     static Z:\home\paul\xfer\picf2450\badge-usb\RC5_lib.asm
          CarrierLoopZero   0x001c66    program     static Z:\home\paul\xfer\picf2450\badge-usb\RC5_lib.asm
          ClassReqHandler   0x00201e    program     extern Z:\home\paul\xfer\picf2450\badge-usb\autofiles\usbdsc.c
               ClearArray   0x001b46    program     extern Z:\home\paul\xfer\picf2450\badge-usb\system\usb\usbdrv\usbdrv.c
                 CloseI2C   0x002566    program     extern Z:\home\paul\xfer\picf2450\badge-usb\i2c\i2c_clos.c
                       D1   0x001c98    program     static Z:\home\paul\xfer\picf2450\badge-usb\RC5_lib.asm
                       D2   0x001ca0    program     static Z:\home\paul\xfer\picf2450\badge-usb\RC5_lib.asm
                       D3   0x001caa    program     static Z:\home\paul\xfer\picf2450\badge-usb\RC5_lib.asm
                   D3232S   0x0023ee    program     static E:\3.45\pic18-lt\cxx-framework\src\traditional\math\fxd3232s.asm
                D3232SNEG   0x0023fc    program     static E:\3.45\pic18-lt\cxx-framework\src\traditional\math\fxd3232s.asm
                 D3232SOK   0x0023f8    program     static E:\3.45\pic18-lt\cxx-framework\src\traditional\math\fxd3232s.asm
                  D3232SX   0x00241c    program     static E:\3.45\pic18-lt\cxx-framework\src\traditional\math\fxd3232s.asm
                  DA3232S   0x0023d8    program     static E:\3.45\pic18-lt\cxx-framework\src\traditional\math\fxd3232s.asm
                      DD0   0x001c36    program     static Z:\home\paul\xfer\picf2450\badge-usb\RC5_lib.asm
                      DD1   0x001c3e    program     static Z:\home\paul\xfer\picf2450\badge-usb\RC5_lib.asm
                      DD2   0x001c44    program     static Z:\home\paul\xfer\picf2450\badge-usb\RC5_lib.asm
                      DD3   0x001c56    program     static Z:\home\paul\xfer\picf2450\badge-usb\RC5_lib.asm
                      DL3   0x001c4c    program     static Z:\home\paul\xfer\picf2450\badge-usb\RC5_lib.asm
                      DL4   0x001c4e    program     static Z:\home\paul\xfer\picf2450\badge-usb\RC5_lib.asm
                      DL5   0x001c50    program     static Z:\home\paul\xfer\picf2450\badge-usb\RC5_lib.asm
                      DZ1   0x001c6a    program     static Z:\home\paul\xfer\picf2450\badge-usb\RC5_lib.asm
                      DZ2   0x001c6c    program     static Z:\home\paul\xfer\picf2450\badge-usb\RC5_lib.asm
                      DZ3   0x001c6e    program     static Z:\home\paul\xfer\picf2450\badge-usb\RC5_lib.asm
                      DZ4   0x001c74    program     static Z:\home\paul\xfer\picf2450\badge-usb\RC5_lib.asm
                      DZ5   0x001c80    program     static Z:\home\paul\xfer\picf2450\badge-usb\RC5_lib.asm
                      DZ6   0x001c86    program     static Z:\home\paul\xfer\picf2450\badge-usb\RC5_lib.asm
                      DZ7   0x001c8e    program     static Z:\home\paul\xfer\picf2450\badge-usb\RC5_lib.asm
               DataRdyI2C   0x00000e    program     extern Z:\home\paul\xfer\picf2450\badge-usb\i2c\i2c_dtrd.c
            DebounceDelay   0x001ca6    program     static Z:\home\paul\xfer\picf2450\badge-usb\RC5_lib.asm
             EEAckPolling   0x002272    program     extern Z:\home\paul\xfer\picf2450\badge-usb\i2c\i2c_eeap.c
              EEByteWrite   0x002160    program     extern Z:\home\paul\xfer\picf2450\badge-usb\i2c\i2c_eebw.c
         EECurrentAddRead   0x0021ee    program     extern Z:\home\paul\xfer\picf2450\badge-usb\i2c\i2c_eecr.c
              EEPageWrite   0x002020    program     extern Z:\home\paul\xfer\picf2450\badge-usb\i2c\i2c_eepw.c
             EERandomRead   0x001dae    program     extern Z:\home\paul\xfer\picf2450\badge-usb\i2c\i2c_eerr.c
         EESequentialRead   0x001cd0    program     extern Z:\home\paul\xfer\picf2450\badge-usb\i2c\i2c_eesr.c
             EraseProgMem   0x000b94    program     extern Z:\home\paul\xfer\picf2450\badge-usb\user\user.c
                 FXD3232S   0x0023be    program     extern E:\3.45\pic18-lt\cxx-framework\src\traditional\math\fxd3232s.asm
                 FXD3232U   0x00248c    program     extern E:\3.45\pic18-lt\cxx-framework\src\traditional\math\fxd3232u.c
                  IdleI2C   0x00254a    program     extern Z:\home\paul\xfer\picf2450\badge-usb\i2c\i2c_idle.c
         InitializeSystem   0x0024de    program     static Z:\home\paul\xfer\picf2450\badge-usb\main.c
          InitializeUSART   0x000a72    program     extern Z:\home\paul\xfer\picf2450\badge-usb\user\user.c
     InterruptHandlerHigh   0x000806    program     extern Z:\home\paul\xfer\picf2450\badge-usb\user\user.c
      InterruptHandlerLow   0x0008e6    program     extern Z:\home\paul\xfer\picf2450\badge-usb\user\user.c
      InterruptVectorHigh   0x000008    program     extern Z:\home\paul\xfer\picf2450\badge-usb\user\user.c
       InterruptVectorLow   0x000018    program     extern Z:\home\paul\xfer\picf2450\badge-usb\user\user.c
                NotAckI2C   0x0007f8    program     extern Z:\home\paul\xfer\picf2450\badge-usb\i2c\i2c_nack.c
                  OpenI2C   0x002506    program     extern Z:\home\paul\xfer\picf2450\badge-usb\i2c\i2c_open.c
             PrintProgMem   0x000ad4    program     extern Z:\home\paul\xfer\picf2450\badge-usb\user\user.c
                ProcessIO   0x000bd4    program     extern Z:\home\paul\xfer\picf2450\badge-usb\user\user.c
                  ReadI2C   0x002530    program     extern Z:\home\paul\xfer\picf2450\badge-usb\i2c\i2c_read.c
              ReadProgMem   0x000b2a    program     extern Z:\home\paul\xfer\picf2450\badge-usb\user\user.c
               RestartI2C   0x002562    program     extern Z:\home\paul\xfer\picf2450\badge-usb\i2c\i2c_rstr.c
                  SendOne   0x001c30    program     static Z:\home\paul\xfer\picf2450\badge-usb\RC5_lib.asm
                  SendRC5   0x001b70    program     extern Z:\home\paul\xfer\picf2450\badge-usb\RC5_lib.asm
                 SendZero   0x001c62    program     static Z:\home\paul\xfer\picf2450\badge-usb\RC5_lib.asm
                 StartI2C   0x000014    program     extern Z:\home\paul\xfer\picf2450\badge-usb\i2c\i2c_strt.c
               StartWrite   0x000ac8    program     extern Z:\home\paul\xfer\picf2450\badge-usb\user\user.c
                  StopI2C   0x00255e    program     extern Z:\home\paul\xfer\picf2450\badge-usb\i2c\i2c_stop.c
        USBCheckBusStatus   0x0019b2    program     extern Z:\home\paul\xfer\picf2450\badge-usb\system\usb\usbdrv\usbdrv.c
       USBCheckCDCRequest   0x000366    program     extern Z:\home\paul\xfer\picf2450\badge-usb\system\usb\class\cdc\cdc.c
       USBCheckStdRequest   0x001736    program     extern Z:\home\paul\xfer\picf2450\badge-usb\system\usb\usb9\usb9.c
         USBCtrlEPService   0x000038    program     extern Z:\home\paul\xfer\picf2450\badge-usb\system\usb\usbctrltrf\usbctrltrf.c
 USBCtrlEPServiceComplete   0x00021c    program     extern Z:\home\paul\xfer\picf2450\badge-usb\system\usb\usbctrltrf\usbctrltrf.c
      USBCtrlTrfInHandler   0x0000e6    program     extern Z:\home\paul\xfer\picf2450\badge-usb\system\usb\usbctrltrf\usbctrltrf.c
     USBCtrlTrfOutHandler   0x0000c8    program     extern Z:\home\paul\xfer\picf2450\badge-usb\system\usb\usbctrltrf\usbctrltrf.c
      USBCtrlTrfRxService   0x0001c4    program     extern Z:\home\paul\xfer\picf2450\badge-usb\system\usb\usbctrltrf\usbctrltrf.c
   USBCtrlTrfSetupHandler   0x000062    program     extern Z:\home\paul\xfer\picf2450\badge-usb\system\usb\usbctrltrf\usbctrltrf.c
      USBCtrlTrfTxService   0x00012a    program     extern Z:\home\paul\xfer\picf2450\badge-usb\system\usb\usbctrltrf\usbctrltrf.c
         USBDriverService   0x0019fa    program     extern Z:\home\paul\xfer\picf2450\badge-usb\system\usb\usbdrv\usbdrv.c
          USBErrorHandler   0x001af2    program     extern Z:\home\paul\xfer\picf2450\badge-usb\system\usb\usbdrv\usbdrv.c
         USBModuleDisable   0x0019ec    program     extern Z:\home\paul\xfer\picf2450\badge-usb\system\usb\usbdrv\usbdrv.c
          USBModuleEnable   0x0019de    program     extern Z:\home\paul\xfer\picf2450\badge-usb\system\usb\usbdrv\usbdrv.c
USBPrepareForNextSetupTrf   0x00028e    program     extern Z:\home\paul\xfer\picf2450\badge-usb\system\usb\usbctrltrf\usbctrltrf.c
  USBProtocolResetHandler   0x001af6    program     extern Z:\home\paul\xfer\picf2450\badge-usb\system\usb\usbdrv\usbdrv.c
          USBRemoteWakeup   0x001aaa    program     extern Z:\home\paul\xfer\picf2450\badge-usb\system\usb\usbdrv\usbdrv.c
            USBSoftDetach   0x0019f6    program     extern Z:\home\paul\xfer\picf2450\badge-usb\system\usb\usbdrv\usbdrv.c
          USBStallHandler   0x001ad2    program     extern Z:\home\paul\xfer\picf2450\badge-usb\system\usb\usbdrv\usbdrv.c
  USBStdFeatureReqHandler   0x0018dc    program     extern Z:\home\paul\xfer\picf2450\badge-usb\system\usb\usb9\usb9.c
      USBStdGetDscHandler   0x0017d4    program     extern Z:\home\paul\xfer\picf2450\badge-usb\system\usb\usb9\usb9.c
   USBStdGetStatusHandler   0x001878    program     extern Z:\home\paul\xfer\picf2450\badge-usb\system\usb\usb9\usb9.c
      USBStdSetCfgHandler   0x001842    program     extern Z:\home\paul\xfer\picf2450\badge-usb\system\usb\usb9\usb9.c
               USBSuspend   0x001a8c    program     extern Z:\home\paul\xfer\picf2450\badge-usb\system\usb\usbdrv\usbdrv.c
                 USBTasks   0x0024f6    program     extern Z:\home\paul\xfer\picf2450\badge-usb\main.c
       USBWakeFromSuspend   0x001a9c    program     extern Z:\home\paul\xfer\picf2450\badge-usb\system\usb\usbdrv\usbdrv.c
               USB_CD_Ptr   0x002014    program     extern Z:\home\paul\xfer\picf2450\badge-usb\autofiles\usbdsc.c
               USB_SD_Ptr   0x002018    program     extern Z:\home\paul\xfer\picf2450\badge-usb\autofiles\usbdsc.c
          USB_SOF_Handler   0x001ace    program     extern Z:\home\paul\xfer\picf2450\badge-usb\system\usb\usbdrv\usbdrv.c
                 UserInit   0x0009c8    program     extern Z:\home\paul\xfer\picf2450\badge-usb\user\user.c
                 WriteI2C   0x002426    program     extern Z:\home\paul\xfer\picf2450\badge-usb\i2c\i2c_writ.c
             WriteProgMem   0x000b58    program     extern Z:\home\paul\xfer\picf2450\badge-usb\user\user.c
       ___return_lbl00000   0x000804    program     static                          
       ___return_lbl00000   0x000004    program     static                          
       ___return_lbl00000   0x0024d2    program     static                          
       ___return_lbl00000   0x00000c    program     static                          
       ___return_lbl00001   0x0007f6    program     static                          
       ___return_lbl00001   0x00001c    program     static                          
       ___return_lbl00002   0x00215e    program     static                          
       ___return_lbl00033   0x001a9a    program     static                          
       ___return_lbl00048   0x001b44    program     static                          
       ___return_lbl00051   0x001b68    program     static                          
        ___while_lbl00049   0x001b1c    program     static                          
        ___while_lbl00050   0x001b30    program     static                          
        ___while_lbl00052   0x001b5a    program     static                          
        ___while_lbl00053   0x001b68    program     static                          
               __config_0   0x300000    program     static Z:\home\paul\xfer\picf2450\badge-usb\main.c
               __config_1   0x300001    program     static Z:\home\paul\xfer\picf2450\badge-usb\main.c
              __config_10   0x30000c    program     static Z:\home\paul\xfer\picf2450\badge-usb\main.c
              __config_11   0x30000d    program     static Z:\home\paul\xfer\picf2450\badge-usb\main.c
               __config_2   0x300002    program     static Z:\home\paul\xfer\picf2450\badge-usb\main.c
               __config_3   0x300003    program     static Z:\home\paul\xfer\picf2450\badge-usb\main.c
               __config_4   0x300005    program     static Z:\home\paul\xfer\picf2450\badge-usb\main.c
               __config_5   0x300006    program     static Z:\home\paul\xfer\picf2450\badge-usb\main.c
               __config_6   0x300008    program     static Z:\home\paul\xfer\picf2450\badge-usb\main.c
               __config_7   0x300009    program     static Z:\home\paul\xfer\picf2450\badge-usb\main.c
               __config_8   0x30000a    program     static Z:\home\paul\xfer\picf2450\badge-usb\main.c
               __config_9   0x30000b    program     static Z:\home\paul\xfer\picf2450\badge-usb\main.c
                   __init   0x000006    program     extern E:\3.45\pic18-lt\cxx-framework\src\traditional\stdclib\__init.c
                   __pa_0   0x0007ba    program     static Z:\home\paul\xfer\picf2450\badge-usb\morgan_code.c
                   __pa_0   0x00193e    program     static Z:\home\paul\xfer\picf2450\badge-usb\system\usb\usb9\usb9.c
                   __pa_0   0x000316    program     static Z:\home\paul\xfer\picf2450\badge-usb\system\usb\usbctrltrf\usbctrltrf.c
                   __pa_0   0x001e78    program     static Z:\home\paul\xfer\picf2450\badge-usb\i2c\i2c_eerr.c
                   __pa_0   0x002344    program     static Z:\home\paul\xfer\picf2450\badge-usb\i2c\i2c_puts.c
                   __pa_0   0x0020b4    program     static Z:\home\paul\xfer\picf2450\badge-usb\i2c\i2c_eepw.c
                   __pa_0   0x0022da    program     static Z:\home\paul\xfer\picf2450\badge-usb\i2c\i2c_eeap.c
                   __pa_0   0x0021e0    program     static Z:\home\paul\xfer\picf2450\badge-usb\i2c\i2c_eebw.c
                   __pa_0   0x0013da    program     static Z:\home\paul\xfer\picf2450\badge-usb\user\user.c
                   __pa_0   0x0005ec    program     static Z:\home\paul\xfer\picf2450\badge-usb\system\usb\class\cdc\cdc.c
                   __pa_0   0x001da0    program     static Z:\home\paul\xfer\picf2450\badge-usb\i2c\i2c_eesr.c
                   __pa_1   0x0007c4    program     static Z:\home\paul\xfer\picf2450\badge-usb\morgan_code.c
                   __pa_1   0x000326    program     static Z:\home\paul\xfer\picf2450\badge-usb\system\usb\usbctrltrf\usbctrltrf.c
                   __pa_1   0x0013f6    program     static Z:\home\paul\xfer\picf2450\badge-usb\user\user.c
                   __pa_1   0x00061a    program     static Z:\home\paul\xfer\picf2450\badge-usb\system\usb\class\cdc\cdc.c
                   __pa_1   0x001956    program     static Z:\home\paul\xfer\picf2450\badge-usb\system\usb\usb9\usb9.c
                  __pa_10   0x0014a8    program     static Z:\home\paul\xfer\picf2450\badge-usb\user\user.c
                  __pa_11   0x0014ae    program     static Z:\home\paul\xfer\picf2450\badge-usb\user\user.c
                  __pa_12   0x0014b8    program     static Z:\home\paul\xfer\picf2450\badge-usb\user\user.c
                  __pa_13   0x0014c0    program     static Z:\home\paul\xfer\picf2450\badge-usb\user\user.c
                  __pa_14   0x0014ca    program     static Z:\home\paul\xfer\picf2450\badge-usb\user\user.c
                  __pa_15   0x0014e4    program     static Z:\home\paul\xfer\picf2450\badge-usb\user\user.c
                  __pa_16   0x0014fe    program     static Z:\home\paul\xfer\picf2450\badge-usb\user\user.c
                  __pa_17   0x001522    program     static Z:\home\paul\xfer\picf2450\badge-usb\user\user.c
                  __pa_18   0x00152c    program     static Z:\home\paul\xfer\picf2450\badge-usb\user\user.c
                  __pa_19   0x001544    program     static Z:\home\paul\xfer\picf2450\badge-usb\user\user.c
                   __pa_2   0x001968    program     static Z:\home\paul\xfer\picf2450\badge-usb\system\usb\usb9\usb9.c
                   __pa_2   0x000336    program     static Z:\home\paul\xfer\picf2450\badge-usb\system\usb\usbctrltrf\usbctrltrf.c
                   __pa_2   0x00140e    program     static Z:\home\paul\xfer\picf2450\badge-usb\user\user.c
                   __pa_2   0x000632    program     static Z:\home\paul\xfer\picf2450\badge-usb\system\usb\class\cdc\cdc.c
                   __pa_2   0x0007d4    program     static Z:\home\paul\xfer\picf2450\badge-usb\morgan_code.c
                  __pa_20   0x001552    program     static Z:\home\paul\xfer\picf2450\badge-usb\user\user.c
                  __pa_21   0x00155e    program     static Z:\home\paul\xfer\picf2450\badge-usb\user\user.c
                  __pa_22   0x001574    program     static Z:\home\paul\xfer\picf2450\badge-usb\user\user.c
                  __pa_23   0x001582    program     static Z:\home\paul\xfer\picf2450\badge-usb\user\user.c
                  __pa_24   0x001594    program     static Z:\home\paul\xfer\picf2450\badge-usb\user\user.c
                  __pa_25   0x0015a4    program     static Z:\home\paul\xfer\picf2450\badge-usb\user\user.c
                  __pa_26   0x0015b4    program     static Z:\home\paul\xfer\picf2450\badge-usb\user\user.c
                  __pa_27   0x0015c4    program     static Z:\home\paul\xfer\picf2450\badge-usb\user\user.c
                  __pa_28   0x0015d2    program     static Z:\home\paul\xfer\picf2450\badge-usb\user\user.c
                  __pa_29   0x0015dc    program     static Z:\home\paul\xfer\picf2450\badge-usb\user\user.c
                   __pa_3   0x00141e    program     static Z:\home\paul\xfer\picf2450\badge-usb\user\user.c
                   __pa_3   0x00063e    program     static Z:\home\paul\xfer\picf2450\badge-usb\system\usb\class\cdc\cdc.c
                   __pa_3   0x000344    program     static Z:\home\paul\xfer\picf2450\badge-usb\system\usb\usbctrltrf\usbctrltrf.c
                   __pa_3   0x00197a    program     static Z:\home\paul\xfer\picf2450\badge-usb\system\usb\usb9\usb9.c
                  __pa_30   0x001602    program     static Z:\home\paul\xfer\picf2450\badge-usb\user\user.c
                  __pa_31   0x001614    program     static Z:\home\paul\xfer\picf2450\badge-usb\user\user.c
                  __pa_32   0x00161a    program     static Z:\home\paul\xfer\picf2450\badge-usb\user\user.c
                  __pa_33   0x001626    program     static Z:\home\paul\xfer\picf2450\badge-usb\user\user.c
                  __pa_34   0x001630    program     static Z:\home\paul\xfer\picf2450\badge-usb\user\user.c
                  __pa_35   0x00163c    program     static Z:\home\paul\xfer\picf2450\badge-usb\user\user.c
                  __pa_36   0x00164a    program     static Z:\home\paul\xfer\picf2450\badge-usb\user\user.c
                  __pa_37   0x001652    program     static Z:\home\paul\xfer\picf2450\badge-usb\user\user.c
                  __pa_38   0x00165e    program     static Z:\home\paul\xfer\picf2450\badge-usb\user\user.c
                  __pa_39   0x001664    program     static Z:\home\paul\xfer\picf2450\badge-usb\user\user.c
                   __pa_4   0x00198a    program     static Z:\home\paul\xfer\picf2450\badge-usb\system\usb\usb9\usb9.c
                   __pa_4   0x00142e    program     static Z:\home\paul\xfer\picf2450\badge-usb\user\user.c
                   __pa_4   0x00034e    program     static Z:\home\paul\xfer\picf2450\badge-usb\system\usb\usbctrltrf\usbctrltrf.c
                   __pa_4   0x000648    program     static Z:\home\paul\xfer\picf2450\badge-usb\system\usb\class\cdc\cdc.c
                  __pa_40   0x001670    program     static Z:\home\paul\xfer\picf2450\badge-usb\user\user.c
                  __pa_41   0x001682    program     static Z:\home\paul\xfer\picf2450\badge-usb\user\user.c
                  __pa_42   0x001690    program     static Z:\home\paul\xfer\picf2450\badge-usb\user\user.c
                  __pa_43   0x001698    program     static Z:\home\paul\xfer\picf2450\badge-usb\user\user.c
                  __pa_44   0x0016a4    program     static Z:\home\paul\xfer\picf2450\badge-usb\user\user.c
                  __pa_45   0x0016b0    program     static Z:\home\paul\xfer\picf2450\badge-usb\user\user.c
                  __pa_46   0x0016b8    program     static Z:\home\paul\xfer\picf2450\badge-usb\user\user.c
                  __pa_47   0x0016c6    program     static Z:\home\paul\xfer\picf2450\badge-usb\user\user.c
                  __pa_48   0x0016d2    program     static Z:\home\paul\xfer\picf2450\badge-usb\user\user.c
                  __pa_49   0x0016e4    program     static Z:\home\paul\xfer\picf2450\badge-usb\user\user.c
                   __pa_5   0x001438    program     static Z:\home\paul\xfer\picf2450\badge-usb\user\user.c
                   __pa_5   0x000356    program     static Z:\home\paul\xfer\picf2450\badge-usb\system\usb\usbctrltrf\usbctrltrf.c
                   __pa_5   0x001998    program     static Z:\home\paul\xfer\picf2450\badge-usb\system\usb\usb9\usb9.c
                   __pa_5   0x000656    program     static Z:\home\paul\xfer\picf2450\badge-usb\system\usb\class\cdc\cdc.c
                  __pa_50   0x0016f4    program     static Z:\home\paul\xfer\picf2450\badge-usb\user\user.c
                  __pa_51   0x001704    program     static Z:\home\paul\xfer\picf2450\badge-usb\user\user.c
                  __pa_52   0x00170c    program     static Z:\home\paul\xfer\picf2450\badge-usb\user\user.c
                  __pa_53   0x00171a    program     static Z:\home\paul\xfer\picf2450\badge-usb\user\user.c
                  __pa_54   0x001726    program     static Z:\home\paul\xfer\picf2450\badge-usb\user\user.c
                  __pa_55   0x00172e    program     static Z:\home\paul\xfer\picf2450\badge-usb\user\user.c
                   __pa_6   0x001446    program     static Z:\home\paul\xfer\picf2450\badge-usb\user\user.c
                   __pa_6   0x0019a2    program     static Z:\home\paul\xfer\picf2450\badge-usb\system\usb\usb9\usb9.c
                   __pa_7   0x001454    program     static Z:\home\paul\xfer\picf2450\badge-usb\user\user.c
                   __pa_7   0x0019aa    program     static Z:\home\paul\xfer\picf2450\badge-usb\system\usb\usb9\usb9.c
                   __pa_8   0x001482    program     static Z:\home\paul\xfer\picf2450\badge-usb\user\user.c
                   __pa_9   0x00148c    program     static Z:\home\paul\xfer\picf2450\badge-usb\user\user.c
              __tmplbl_37   0x0014b8    program     static                          
              __tmplbl_38   0x0014b8    program     static                          
              __tmplbl_40   0x0014b8    program     static                          
              __tmplbl_41   0x0014b8    program     static                          
              __tmplbl_42   0x0014b8    program     static                          
              __tmplbl_43   0x0014b8    program     static                          
              __tmplbl_44   0x0014b8    program     static                          
            __zero_memory   0x001cb0    program     extern E:\3.45\pic18-lt\cxx-framework\src\traditional\proc\p18f2455.asm
                _do_cinit   0x0020c2    program     extern E:\3.45\pic18-lt\cxx-framework\src\traditional\startup\c018i.c
                   _entry   0x000000    program     extern E:\3.45\pic18-lt\cxx-framework\src\traditional\startup\c018i.c
                   _false   0x0024ce    program     static                          
                   _reset   0x000800    program     extern Z:\home\paul\xfer\picf2450\badge-usb\main.c
                 _startup   0x0007dc    program     extern E:\3.45\pic18-lt\cxx-framework\src\traditional\startup\c018i.c
               binaryDump   0x00130e    program     extern Z:\home\paul\xfer\picf2450\badge-usb\user\user.c
                    cfg01   0x001f65    program     extern Z:\home\paul\xfer\picf2450\badge-usb\autofiles\usbdsc.c
              check_accel   0x00068e    program     extern Z:\home\paul\xfer\picf2450\badge-usb\morgan_code.c
               check_tilt   0x0006f4    program     extern Z:\home\paul\xfer\picf2450\badge-usb\morgan_code.c
                compare_l   0x001cc6    program     static E:\3.45\pic18-lt\cxx-framework\src\traditional\proc\p18f2455.asm
                copy_loop   0x002134    program     static                          
            copy_one_byte   0x00213a    program     static                          
                delay_1ms   0x001c94    program     static Z:\home\paul\xfer\picf2450\badge-usb\RC5_lib.asm
               device_dsc   0x001f53    program     extern Z:\home\paul\xfer\picf2450\badge-usb\autofiles\usbdsc.c
               doUSBInput   0x000fd8    program     extern Z:\home\paul\xfer\picf2450\badge-usb\user\user.c
              doUSBOutput   0x000de8    program     extern Z:\home\paul\xfer\picf2450\badge-usb\user\user.c
                     done   0x00215e    program     static                          
             done_copying   0x002148    program     static                          
                     freq   0x001e86    program     extern Z:\home\paul\xfer\picf2450\badge-usb\user\user.c
                getcUSART   0x000aa8    program     extern Z:\home\paul\xfer\picf2450\badge-usb\user\user.c
                  getsI2C   0x002354    program     extern Z:\home\paul\xfer\picf2450\badge-usb\i2c\i2c_gets.c
             getsUSBUSART   0x00045a    program     extern Z:\home\paul\xfer\picf2450\badge-usb\system\usb\class\cdc\cdc.c
             hackRVA_bits   0x001f06    program     extern Z:\home\paul\xfer\picf2450\badge-usb\hackRVA.xbm
                  hexDump   0x00139a    program     extern Z:\home\paul\xfer\picf2450\badge-usb\user\user.c
                     htab   0x001f2f    program     extern Z:\home\paul\xfer\picf2450\badge-usb\user\user.c
                i2c_setup   0x00065e    program     extern Z:\home\paul\xfer\picf2450\badge-usb\morgan_code.c
                     loop   0x0007ec    program     static                          
                     loop   0x00249a    program     static                          
                   loop_h   0x001cbe    program     static E:\3.45\pic18-lt\cxx-framework\src\traditional\proc\p18f2455.asm
                   loop_l   0x001cc8    program     static E:\3.45\pic18-lt\cxx-framework\src\traditional\proc\p18f2455.asm
                     main   0x0024d4    program     extern Z:\home\paul\xfer\picf2450\badge-usb\main.c
                 mymemcpy   0x0013b6    program     extern Z:\home\paul\xfer\picf2450\badge-usb\user\user.c
                putcUSART   0x000a9a    program     extern Z:\home\paul\xfer\picf2450\badge-usb\user\user.c
            putrsUSBUSART   0x00050a    program     extern Z:\home\paul\xfer\picf2450\badge-usb\system\usb\class\cdc\cdc.c
                  putsI2C   0x0022ea    program     extern Z:\home\paul\xfer\picf2450\badge-usb\i2c\i2c_puts.c
             putsUSBUSART   0x0004d8    program     extern Z:\home\paul\xfer\picf2450\badge-usb\system\usb\class\cdc\cdc.c
                    sd000   0x001fa8    program     extern Z:\home\paul\xfer\picf2450\badge-usb\autofiles\usbdsc.c
                    sd001   0x001fac    program     extern Z:\home\paul\xfer\picf2450\badge-usb\autofiles\usbdsc.c
                    sd002   0x001fe0    program     extern Z:\home\paul\xfer\picf2450\badge-usb\autofiles\usbdsc.c
                 set_leds   0x00072c    program     extern Z:\home\paul\xfer\picf2450\badge-usb\morgan_code.c
                     test   0x0020dc    program     static                          
             unManchester   0x0011d2    program     extern Z:\home\paul\xfer\picf2450\badge-usb\user\user.c
              usbBusSense   0x000bba    program     extern Z:\home\paul\xfer\picf2450\badge-usb\user\user.c
                  writeMe   0x001f40    program     extern Z:\home\paul\xfer\picf2450\badge-usb\user\user.c
                 xor_leds   0x000754    program     extern Z:\home\paul\xfer\picf2450\badge-usb\morgan_code.c
               zero_block   0x001cbe    program     static E:\3.45\pic18-lt\cxx-framework\src\traditional\proc\p18f2455.asm
                   ADCON0   0x000fc2       data     extern E:\3.45\pic18-lt\cxx-framework\src\traditional\proc\p18f2455.asm
               ADCON0bits   0x000fc2       data     extern E:\3.45\pic18-lt\cxx-framework\src\traditional\proc\p18f2455.asm
                   ADCON1   0x000fc1       data     extern E:\3.45\pic18-lt\cxx-framework\src\traditional\proc\p18f2455.asm
               ADCON1bits   0x000fc1       data     extern E:\3.45\pic18-lt\cxx-framework\src\traditional\proc\p18f2455.asm
                   ADCON2   0x000fc0       data     extern E:\3.45\pic18-lt\cxx-framework\src\traditional\proc\p18f2455.asm
               ADCON2bits   0x000fc0       data     extern E:\3.45\pic18-lt\cxx-framework\src\traditional\proc\p18f2455.asm
                    ADRES   0x000fc3       data     extern E:\3.45\pic18-lt\cxx-framework\src\traditional\proc\p18f2455.asm
                   ADRESH   0x000fc4       data     extern E:\3.45\pic18-lt\cxx-framework\src\traditional\proc\p18f2455.asm
                   ADRESL   0x000fc3       data     extern E:\3.45\pic18-lt\cxx-framework\src\traditional\proc\p18f2455.asm
                 AddrByte   0x00002b       data     extern Z:\home\paul\xfer\picf2450\badge-usb\RC5_lib.asm
                  BAUDCON   0x000fb8       data     extern E:\3.45\pic18-lt\cxx-framework\src\traditional\proc\p18f2455.asm
              BAUDCONbits   0x000fb8       data     extern E:\3.45\pic18-lt\cxx-framework\src\traditional\proc\p18f2455.asm
                  BAUDCTL   0x000fb8       data     extern E:\3.45\pic18-lt\cxx-framework\src\traditional\proc\p18f2455.asm
              BAUDCTLbits   0x000fb8       data     extern E:\3.45\pic18-lt\cxx-framework\src\traditional\proc\p18f2455.asm
                      BSR   0x000fe0       data     extern E:\3.45\pic18-lt\cxx-framework\src\traditional\proc\p18f2455.asm
                   CCP1AS   0x000fb6       data     extern E:\3.45\pic18-lt\cxx-framework\src\traditional\proc\p18f2455.asm
               CCP1ASbits   0x000fb6       data     extern E:\3.45\pic18-lt\cxx-framework\src\traditional\proc\p18f2455.asm
                  CCP1CON   0x000fbd       data     extern E:\3.45\pic18-lt\cxx-framework\src\traditional\proc\p18f2455.asm
              CCP1CONbits   0x000fbd       data     extern E:\3.45\pic18-lt\cxx-framework\src\traditional\proc\p18f2455.asm
                  CCP1DEL   0x000fb7       data     extern E:\3.45\pic18-lt\cxx-framework\src\traditional\proc\p18f2455.asm
              CCP1DELbits   0x000fb7       data     extern E:\3.45\pic18-lt\cxx-framework\src\traditional\proc\p18f2455.asm
                  CCP2CON   0x000fba       data     extern E:\3.45\pic18-lt\cxx-framework\src\traditional\proc\p18f2455.asm
              CCP2CONbits   0x000fba       data     extern E:\3.45\pic18-lt\cxx-framework\src\traditional\proc\p18f2455.asm
                    CCPR1   0x000fbe       data     extern E:\3.45\pic18-lt\cxx-framework\src\traditional\proc\p18f2455.asm
                   CCPR1H   0x000fbf       data     extern E:\3.45\pic18-lt\cxx-framework\src\traditional\proc\p18f2455.asm
                   CCPR1L   0x000fbe       data     extern E:\3.45\pic18-lt\cxx-framework\src\traditional\proc\p18f2455.asm
                    CCPR2   0x000fbb       data     extern E:\3.45\pic18-lt\cxx-framework\src\traditional\proc\p18f2455.asm
                   CCPR2H   0x000fbc       data     extern E:\3.45\pic18-lt\cxx-framework\src\traditional\proc\p18f2455.asm
                   CCPR2L   0x000fbb       data     extern E:\3.45\pic18-lt\cxx-framework\src\traditional\proc\p18f2455.asm
                    CMCON   0x000fb4       data     extern E:\3.45\pic18-lt\cxx-framework\src\traditional\proc\p18f2455.asm
                CMCONbits   0x000fb4       data     extern E:\3.45\pic18-lt\cxx-framework\src\traditional\proc\p18f2455.asm
                   CVRCON   0x000fb5       data     extern E:\3.45\pic18-lt\cxx-framework\src\traditional\proc\p18f2455.asm
               CVRCONbits   0x000fb5       data     extern E:\3.45\pic18-lt\cxx-framework\src\traditional\proc\p18f2455.asm
              CtrlTrfData   0x000428       data     extern Z:\home\paul\xfer\picf2450\badge-usb\system\usb\usbmmap.c
                     DDRA   0x000f92       data     extern E:\3.45\pic18-lt\cxx-framework\src\traditional\proc\p18f2455.asm
                 DDRAbits   0x000f92       data     extern E:\3.45\pic18-lt\cxx-framework\src\traditional\proc\p18f2455.asm
                     DDRB   0x000f93       data     extern E:\3.45\pic18-lt\cxx-framework\src\traditional\proc\p18f2455.asm
                 DDRBbits   0x000f93       data     extern E:\3.45\pic18-lt\cxx-framework\src\traditional\proc\p18f2455.asm
                     DDRC   0x000f94       data     extern E:\3.45\pic18-lt\cxx-framework\src\traditional\proc\p18f2455.asm
                 DDRCbits   0x000f94       data     extern E:\3.45\pic18-lt\cxx-framework\src\traditional\proc\p18f2455.asm
                 DataByte   0x00002a       data     extern Z:\home\paul\xfer\picf2450\badge-usb\RC5_lib.asm
              Delay_Count   0x000028       data     static Z:\home\paul\xfer\picf2450\badge-usb\RC5_lib.asm
             Delay_Count2   0x000029       data     static Z:\home\paul\xfer\picf2450\badge-usb\RC5_lib.asm
                  ECCP1AS   0x000fb6       data     extern E:\3.45\pic18-lt\cxx-framework\src\traditional\proc\p18f2455.asm
              ECCP1ASbits   0x000fb6       data     extern E:\3.45\pic18-lt\cxx-framework\src\traditional\proc\p18f2455.asm
                 ECCP1DEL   0x000fb7       data     extern E:\3.45\pic18-lt\cxx-framework\src\traditional\proc\p18f2455.asm
             ECCP1DELbits   0x000fb7       data     extern E:\3.45\pic18-lt\cxx-framework\src\traditional\proc\p18f2455.asm
                    EEADR   0x000fa9       data     extern E:\3.45\pic18-lt\cxx-framework\src\traditional\proc\p18f2455.asm
                   EECON1   0x000fa6       data     extern E:\3.45\pic18-lt\cxx-framework\src\traditional\proc\p18f2455.asm
               EECON1bits   0x000fa6       data     extern E:\3.45\pic18-lt\cxx-framework\src\traditional\proc\p18f2455.asm
                   EECON2   0x000fa7       data     extern E:\3.45\pic18-lt\cxx-framework\src\traditional\proc\p18f2455.asm
                   EEDATA   0x000fa8       data     extern E:\3.45\pic18-lt\cxx-framework\src\traditional\proc\p18f2455.asm
                     FSR0   0x000fe9       data     extern E:\3.45\pic18-lt\cxx-framework\src\traditional\proc\p18f2455.asm
                    FSR0H   0x000fea       data     extern E:\3.45\pic18-lt\cxx-framework\src\traditional\proc\p18f2455.asm
                    FSR0L   0x000fe9       data     extern E:\3.45\pic18-lt\cxx-framework\src\traditional\proc\p18f2455.asm
                     FSR1   0x000fe1       data     extern E:\3.45\pic18-lt\cxx-framework\src\traditional\proc\p18f2455.asm
                    FSR1H   0x000fe2       data     extern E:\3.45\pic18-lt\cxx-framework\src\traditional\proc\p18f2455.asm
                    FSR1L   0x000fe1       data     extern E:\3.45\pic18-lt\cxx-framework\src\traditional\proc\p18f2455.asm
                     FSR2   0x000fd9       data     extern E:\3.45\pic18-lt\cxx-framework\src\traditional\proc\p18f2455.asm
                    FSR2H   0x000fda       data     extern E:\3.45\pic18-lt\cxx-framework\src\traditional\proc\p18f2455.asm
                    FSR2L   0x000fd9       data     extern E:\3.45\pic18-lt\cxx-framework\src\traditional\proc\p18f2455.asm
                  HLVDCON   0x000fd2       data     extern E:\3.45\pic18-lt\cxx-framework\src\traditional\proc\p18f2455.asm
              HLVDCONbits   0x000fd2       data     extern E:\3.45\pic18-lt\cxx-framework\src\traditional\proc\p18f2455.asm
                    INDF0   0x000fef       data     extern E:\3.45\pic18-lt\cxx-framework\src\traditional\proc\p18f2455.asm
                    INDF1   0x000fe7       data     extern E:\3.45\pic18-lt\cxx-framework\src\traditional\proc\p18f2455.asm
                    INDF2   0x000fdf       data     extern E:\3.45\pic18-lt\cxx-framework\src\traditional\proc\p18f2455.asm
                   INTCON   0x000ff2       data     extern E:\3.45\pic18-lt\cxx-framework\src\traditional\proc\p18f2455.asm
                  INTCON2   0x000ff1       data     extern E:\3.45\pic18-lt\cxx-framework\src\traditional\proc\p18f2455.asm
              INTCON2bits   0x000ff1       data     extern E:\3.45\pic18-lt\cxx-framework\src\traditional\proc\p18f2455.asm
                  INTCON3   0x000ff0       data     extern E:\3.45\pic18-lt\cxx-framework\src\traditional\proc\p18f2455.asm
              INTCON3bits   0x000ff0       data     extern E:\3.45\pic18-lt\cxx-framework\src\traditional\proc\p18f2455.asm
               INTCONbits   0x000ff2       data     extern E:\3.45\pic18-lt\cxx-framework\src\traditional\proc\p18f2455.asm
                     IPR1   0x000f9f       data     extern E:\3.45\pic18-lt\cxx-framework\src\traditional\proc\p18f2455.asm
                 IPR1bits   0x000f9f       data     extern E:\3.45\pic18-lt\cxx-framework\src\traditional\proc\p18f2455.asm
                     IPR2   0x000fa2       data     extern E:\3.45\pic18-lt\cxx-framework\src\traditional\proc\p18f2455.asm
                 IPR2bits   0x000fa2       data     extern E:\3.45\pic18-lt\cxx-framework\src\traditional\proc\p18f2455.asm
             IRTimerCount   0x0000fc       data     static Z:\home\paul\xfer\picf2450\badge-usb\user\user.c
                 IRbitCnt   0x0000e2       data     extern Z:\home\paul\xfer\picf2450\badge-usb\user\user.c
                   IRbits   0x0000e3       data     extern Z:\home\paul\xfer\picf2450\badge-usb\user\user.c
               IRfreqBase   0x0000fb       data     static Z:\home\paul\xfer\picf2450\badge-usb\user\user.c
                  IRstate   0x0000e1       data     extern Z:\home\paul\xfer\picf2450\badge-usb\user\user.c
                     LATA   0x000f89       data     extern E:\3.45\pic18-lt\cxx-framework\src\traditional\proc\p18f2455.asm
                 LATAbits   0x000f89       data     extern E:\3.45\pic18-lt\cxx-framework\src\traditional\proc\p18f2455.asm
                     LATB   0x000f8a       data     extern E:\3.45\pic18-lt\cxx-framework\src\traditional\proc\p18f2455.asm
                 LATBbits   0x000f8a       data     extern E:\3.45\pic18-lt\cxx-framework\src\traditional\proc\p18f2455.asm
                     LATC   0x000f8b       data     extern E:\3.45\pic18-lt\cxx-framework\src\traditional\proc\p18f2455.asm
                 LATCbits   0x000f8b       data     extern E:\3.45\pic18-lt\cxx-framework\src\traditional\proc\p18f2455.asm
                  LEDByte   0x0000f6       data     static Z:\home\paul\xfer\picf2450\badge-usb\user\user.c
                   LVDCON   0x000fd2       data     extern E:\3.45\pic18-lt\cxx-framework\src\traditional\proc\p18f2455.asm
               LVDCONbits   0x000fd2       data     extern E:\3.45\pic18-lt\cxx-framework\src\traditional\proc\p18f2455.asm
                   OSCCON   0x000fd3       data     extern E:\3.45\pic18-lt\cxx-framework\src\traditional\proc\p18f2455.asm
               OSCCONbits   0x000fd3       data     extern E:\3.45\pic18-lt\cxx-framework\src\traditional\proc\p18f2455.asm
                  OSCTUNE   0x000f9b       data     extern E:\3.45\pic18-lt\cxx-framework\src\traditional\proc\p18f2455.asm
              OSCTUNEbits   0x000f9b       data     extern E:\3.45\pic18-lt\cxx-framework\src\traditional\proc\p18f2455.asm
                       PC   0x000ff9       data     extern E:\3.45\pic18-lt\cxx-framework\src\traditional\proc\p18f2455.asm
                      PCL   0x000ff9       data     extern E:\3.45\pic18-lt\cxx-framework\src\traditional\proc\p18f2455.asm
                   PCLATH   0x000ffa       data     extern E:\3.45\pic18-lt\cxx-framework\src\traditional\proc\p18f2455.asm
                   PCLATU   0x000ffb       data     extern E:\3.45\pic18-lt\cxx-framework\src\traditional\proc\p18f2455.asm
                     PIE1   0x000f9d       data     extern E:\3.45\pic18-lt\cxx-framework\src\traditional\proc\p18f2455.asm
                 PIE1bits   0x000f9d       data     extern E:\3.45\pic18-lt\cxx-framework\src\traditional\proc\p18f2455.asm
                     PIE2   0x000fa0       data     extern E:\3.45\pic18-lt\cxx-framework\src\traditional\proc\p18f2455.asm
                 PIE2bits   0x000fa0       data     extern E:\3.45\pic18-lt\cxx-framework\src\traditional\proc\p18f2455.asm
                     PIR1   0x000f9e       data     extern E:\3.45\pic18-lt\cxx-framework\src\traditional\proc\p18f2455.asm
                 PIR1bits   0x000f9e       data     extern E:\3.45\pic18-lt\cxx-framework\src\traditional\proc\p18f2455.asm
                     PIR2   0x000fa1       data     extern E:\3.45\pic18-lt\cxx-framework\src\traditional\proc\p18f2455.asm
                 PIR2bits   0x000fa1       data     extern E:\3.45\pic18-lt\cxx-framework\src\traditional\proc\p18f2455.asm
                   PLUSW0   0x000feb       data     extern E:\3.45\pic18-lt\cxx-framework\src\traditional\proc\p18f2455.asm
                   PLUSW1   0x000fe3       data     extern E:\3.45\pic18-lt\cxx-framework\src\traditional\proc\p18f2455.asm
                   PLUSW2   0x000fdb       data     extern E:\3.45\pic18-lt\cxx-framework\src\traditional\proc\p18f2455.asm
                    PORTA   0x000f80       data     extern E:\3.45\pic18-lt\cxx-framework\src\traditional\proc\p18f2455.asm
                PORTAbits   0x000f80       data     extern E:\3.45\pic18-lt\cxx-framework\src\traditional\proc\p18f2455.asm
                    PORTB   0x000f81       data     extern E:\3.45\pic18-lt\cxx-framework\src\traditional\proc\p18f2455.asm
                PORTBbits   0x000f81       data     extern E:\3.45\pic18-lt\cxx-framework\src\traditional\proc\p18f2455.asm
                    PORTC   0x000f82       data     extern E:\3.45\pic18-lt\cxx-framework\src\traditional\proc\p18f2455.asm
                PORTCbits   0x000f82       data     extern E:\3.45\pic18-lt\cxx-framework\src\traditional\proc\p18f2455.asm
                    PORTE   0x000f84       data     extern E:\3.45\pic18-lt\cxx-framework\src\traditional\proc\p18f2455.asm
                PORTEbits   0x000f84       data     extern E:\3.45\pic18-lt\cxx-framework\src\traditional\proc\p18f2455.asm
                 POSTDEC0   0x000fed       data     extern E:\3.45\pic18-lt\cxx-framework\src\traditional\proc\p18f2455.asm
                 POSTDEC1   0x000fe5       data     extern E:\3.45\pic18-lt\cxx-framework\src\traditional\proc\p18f2455.asm
                 POSTDEC2   0x000fdd       data     extern E:\3.45\pic18-lt\cxx-framework\src\traditional\proc\p18f2455.asm
                 POSTINC0   0x000fee       data     extern E:\3.45\pic18-lt\cxx-framework\src\traditional\proc\p18f2455.asm
                 POSTINC1   0x000fe6       data     extern E:\3.45\pic18-lt\cxx-framework\src\traditional\proc\p18f2455.asm
                 POSTINC2   0x000fde       data     extern E:\3.45\pic18-lt\cxx-framework\src\traditional\proc\p18f2455.asm
                      PR2   0x000fcb       data     extern E:\3.45\pic18-lt\cxx-framework\src\traditional\proc\p18f2455.asm
                  PREINC0   0x000fec       data     extern E:\3.45\pic18-lt\cxx-framework\src\traditional\proc\p18f2455.asm
                  PREINC1   0x000fe4       data     extern E:\3.45\pic18-lt\cxx-framework\src\traditional\proc\p18f2455.asm
                  PREINC2   0x000fdc       data     extern E:\3.45\pic18-lt\cxx-framework\src\traditional\proc\p18f2455.asm
                     PROD   0x000ff3       data     extern E:\3.45\pic18-lt\cxx-framework\src\traditional\proc\p18f2455.asm
                    PRODH   0x000ff4       data     extern E:\3.45\pic18-lt\cxx-framework\src\traditional\proc\p18f2455.asm
                    PRODL   0x000ff3       data     extern E:\3.45\pic18-lt\cxx-framework\src\traditional\proc\p18f2455.asm
                     RCON   0x000fd0       data     extern E:\3.45\pic18-lt\cxx-framework\src\traditional\proc\p18f2455.asm
                 RCONbits   0x000fd0       data     extern E:\3.45\pic18-lt\cxx-framework\src\traditional\proc\p18f2455.asm
                    RCREG   0x000fae       data     extern E:\3.45\pic18-lt\cxx-framework\src\traditional\proc\p18f2455.asm
                    RCSTA   0x000fab       data     extern E:\3.45\pic18-lt\cxx-framework\src\traditional\proc\p18f2455.asm
                RCSTAbits   0x000fab       data     extern E:\3.45\pic18-lt\cxx-framework\src\traditional\proc\p18f2455.asm
                     SIGN   0x000000       data     extern E:\3.45\pic18-lt\cxx-framework\src\traditional\math\cmath18.asm
                    SPBRG   0x000faf       data     extern E:\3.45\pic18-lt\cxx-framework\src\traditional\proc\p18f2455.asm
                   SPBRGH   0x000fb0       data     extern E:\3.45\pic18-lt\cxx-framework\src\traditional\proc\p18f2455.asm
                   SSPADD   0x000fc8       data     extern E:\3.45\pic18-lt\cxx-framework\src\traditional\proc\p18f2455.asm
                   SSPBUF   0x000fc9       data     extern E:\3.45\pic18-lt\cxx-framework\src\traditional\proc\p18f2455.asm
                  SSPCON1   0x000fc6       data     extern E:\3.45\pic18-lt\cxx-framework\src\traditional\proc\p18f2455.asm
              SSPCON1bits   0x000fc6       data     extern E:\3.45\pic18-lt\cxx-framework\src\traditional\proc\p18f2455.asm
                  SSPCON2   0x000fc5       data     extern E:\3.45\pic18-lt\cxx-framework\src\traditional\proc\p18f2455.asm
              SSPCON2bits   0x000fc5       data     extern E:\3.45\pic18-lt\cxx-framework\src\traditional\proc\p18f2455.asm
                  SSPSTAT   0x000fc7       data     extern E:\3.45\pic18-lt\cxx-framework\src\traditional\proc\p18f2455.asm
              SSPSTATbits   0x000fc7       data     extern E:\3.45\pic18-lt\cxx-framework\src\traditional\proc\p18f2455.asm
                   STATUS   0x000fd8       data     extern E:\3.45\pic18-lt\cxx-framework\src\traditional\proc\p18f2455.asm
               STATUSbits   0x000fd8       data     extern E:\3.45\pic18-lt\cxx-framework\src\traditional\proc\p18f2455.asm
                   STKPTR   0x000ffc       data     extern E:\3.45\pic18-lt\cxx-framework\src\traditional\proc\p18f2455.asm
               STKPTRbits   0x000ffc       data     extern E:\3.45\pic18-lt\cxx-framework\src\traditional\proc\p18f2455.asm
                 SetupPkt   0x000420       data     extern Z:\home\paul\xfer\picf2450\badge-usb\system\usb\usbmmap.c
                    T0CON   0x000fd5       data     extern E:\3.45\pic18-lt\cxx-framework\src\traditional\proc\p18f2455.asm
                T0CONbits   0x000fd5       data     extern E:\3.45\pic18-lt\cxx-framework\src\traditional\proc\p18f2455.asm
                    T1CON   0x000fcd       data     extern E:\3.45\pic18-lt\cxx-framework\src\traditional\proc\p18f2455.asm
                T1CONbits   0x000fcd       data     extern E:\3.45\pic18-lt\cxx-framework\src\traditional\proc\p18f2455.asm
                    T2CON   0x000fca       data     extern E:\3.45\pic18-lt\cxx-framework\src\traditional\proc\p18f2455.asm
                T2CONbits   0x000fca       data     extern E:\3.45\pic18-lt\cxx-framework\src\traditional\proc\p18f2455.asm
                    T3CON   0x000fb1       data     extern E:\3.45\pic18-lt\cxx-framework\src\traditional\proc\p18f2455.asm
                T3CONbits   0x000fb1       data     extern E:\3.45\pic18-lt\cxx-framework\src\traditional\proc\p18f2455.asm
                   TABLAT   0x000ff5       data     extern E:\3.45\pic18-lt\cxx-framework\src\traditional\proc\p18f2455.asm
                   TBLPTR   0x000ff6       data     extern E:\3.45\pic18-lt\cxx-framework\src\traditional\proc\p18f2455.asm
                  TBLPTRH   0x000ff7       data     extern E:\3.45\pic18-lt\cxx-framework\src\traditional\proc\p18f2455.asm
                  TBLPTRL   0x000ff6       data     extern E:\3.45\pic18-lt\cxx-framework\src\traditional\proc\p18f2455.asm
                  TBLPTRU   0x000ff8       data     extern E:\3.45\pic18-lt\cxx-framework\src\traditional\proc\p18f2455.asm
                    TMR0H   0x000fd7       data     extern E:\3.45\pic18-lt\cxx-framework\src\traditional\proc\p18f2455.asm
                    TMR0L   0x000fd6       data     extern E:\3.45\pic18-lt\cxx-framework\src\traditional\proc\p18f2455.asm
                    TMR1H   0x000fcf       data     extern E:\3.45\pic18-lt\cxx-framework\src\traditional\proc\p18f2455.asm
                    TMR1L   0x000fce       data     extern E:\3.45\pic18-lt\cxx-framework\src\traditional\proc\p18f2455.asm
                     TMR2   0x000fcc       data     extern E:\3.45\pic18-lt\cxx-framework\src\traditional\proc\p18f2455.asm
                    TMR3H   0x000fb3       data     extern E:\3.45\pic18-lt\cxx-framework\src\traditional\proc\p18f2455.asm
                    TMR3L   0x000fb2       data     extern E:\3.45\pic18-lt\cxx-framework\src\traditional\proc\p18f2455.asm
                      TOS   0x000ffd       data     extern E:\3.45\pic18-lt\cxx-framework\src\traditional\proc\p18f2455.asm
                     TOSH   0x000ffe       data     extern E:\3.45\pic18-lt\cxx-framework\src\traditional\proc\p18f2455.asm
                     TOSL   0x000ffd       data     extern E:\3.45\pic18-lt\cxx-framework\src\traditional\proc\p18f2455.asm
                     TOSU   0x000fff       data     extern E:\3.45\pic18-lt\cxx-framework\src\traditional\proc\p18f2455.asm
                    TRISA   0x000f92       data     extern E:\3.45\pic18-lt\cxx-framework\src\traditional\proc\p18f2455.asm
                TRISAbits   0x000f92       data     extern E:\3.45\pic18-lt\cxx-framework\src\traditional\proc\p18f2455.asm
                    TRISB   0x000f93       data     extern E:\3.45\pic18-lt\cxx-framework\src\traditional\proc\p18f2455.asm
                TRISBbits   0x000f93       data     extern E:\3.45\pic18-lt\cxx-framework\src\traditional\proc\p18f2455.asm
                    TRISC   0x000f94       data     extern E:\3.45\pic18-lt\cxx-framework\src\traditional\proc\p18f2455.asm
                TRISCbits   0x000f94       data     extern E:\3.45\pic18-lt\cxx-framework\src\traditional\proc\p18f2455.asm
                    TXREG   0x000fad       data     extern E:\3.45\pic18-lt\cxx-framework\src\traditional\proc\p18f2455.asm
                    TXSTA   0x000fac       data     extern E:\3.45\pic18-lt\cxx-framework\src\traditional\proc\p18f2455.asm
                TXSTAbits   0x000fac       data     extern E:\3.45\pic18-lt\cxx-framework\src\traditional\proc\p18f2455.asm
                 ToggByte   0x00002c       data     extern Z:\home\paul\xfer\picf2450\badge-usb\RC5_lib.asm
                    UADDR   0x000f6e       data     extern E:\3.45\pic18-lt\cxx-framework\src\traditional\proc\p18f2455.asm
                UADDRbits   0x000f6e       data     extern E:\3.45\pic18-lt\cxx-framework\src\traditional\proc\p18f2455.asm
                     UCFG   0x000f6f       data     extern E:\3.45\pic18-lt\cxx-framework\src\traditional\proc\p18f2455.asm
                 UCFGbits   0x000f6f       data     extern E:\3.45\pic18-lt\cxx-framework\src\traditional\proc\p18f2455.asm
                     UCON   0x000f6d       data     extern E:\3.45\pic18-lt\cxx-framework\src\traditional\proc\p18f2455.asm
                 UCONbits   0x000f6d       data     extern E:\3.45\pic18-lt\cxx-framework\src\traditional\proc\p18f2455.asm
                     UEIE   0x000f6b       data     extern E:\3.45\pic18-lt\cxx-framework\src\traditional\proc\p18f2455.asm
                 UEIEbits   0x000f6b       data     extern E:\3.45\pic18-lt\cxx-framework\src\traditional\proc\p18f2455.asm
                     UEIR   0x000f6a       data     extern E:\3.45\pic18-lt\cxx-framework\src\traditional\proc\p18f2455.asm
                 UEIRbits   0x000f6a       data     extern E:\3.45\pic18-lt\cxx-framework\src\traditional\proc\p18f2455.asm
                     UEP0   0x000f70       data     extern E:\3.45\pic18-lt\cxx-framework\src\traditional\proc\p18f2455.asm
                 UEP0bits   0x000f70       data     extern E:\3.45\pic18-lt\cxx-framework\src\traditional\proc\p18f2455.asm
                     UEP1   0x000f71       data     extern E:\3.45\pic18-lt\cxx-framework\src\traditional\proc\p18f2455.asm
                    UEP10   0x000f7a       data     extern E:\3.45\pic18-lt\cxx-framework\src\traditional\proc\p18f2455.asm
                UEP10bits   0x000f7a       data     extern E:\3.45\pic18-lt\cxx-framework\src\traditional\proc\p18f2455.asm
                    UEP11   0x000f7b       data     extern E:\3.45\pic18-lt\cxx-framework\src\traditional\proc\p18f2455.asm
                UEP11bits   0x000f7b       data     extern E:\3.45\pic18-lt\cxx-framework\src\traditional\proc\p18f2455.asm
                    UEP12   0x000f7c       data     extern E:\3.45\pic18-lt\cxx-framework\src\traditional\proc\p18f2455.asm
                UEP12bits   0x000f7c       data     extern E:\3.45\pic18-lt\cxx-framework\src\traditional\proc\p18f2455.asm
                    UEP13   0x000f7d       data     extern E:\3.45\pic18-lt\cxx-framework\src\traditional\proc\p18f2455.asm
                UEP13bits   0x000f7d       data     extern E:\3.45\pic18-lt\cxx-framework\src\traditional\proc\p18f2455.asm
                    UEP14   0x000f7e       data     extern E:\3.45\pic18-lt\cxx-framework\src\traditional\proc\p18f2455.asm
                UEP14bits   0x000f7e       data     extern E:\3.45\pic18-lt\cxx-framework\src\traditional\proc\p18f2455.asm
                    UEP15   0x000f7f       data     extern E:\3.45\pic18-lt\cxx-framework\src\traditional\proc\p18f2455.asm
                UEP15bits   0x000f7f       data     extern E:\3.45\pic18-lt\cxx-framework\src\traditional\proc\p18f2455.asm
                 UEP1bits   0x000f71       data     extern E:\3.45\pic18-lt\cxx-framework\src\traditional\proc\p18f2455.asm
                     UEP2   0x000f72       data     extern E:\3.45\pic18-lt\cxx-framework\src\traditional\proc\p18f2455.asm
                 UEP2bits   0x000f72       data     extern E:\3.45\pic18-lt\cxx-framework\src\traditional\proc\p18f2455.asm
                     UEP3   0x000f73       data     extern E:\3.45\pic18-lt\cxx-framework\src\traditional\proc\p18f2455.asm
                 UEP3bits   0x000f73       data     extern E:\3.45\pic18-lt\cxx-framework\src\traditional\proc\p18f2455.asm
                     UEP4   0x000f74       data     extern E:\3.45\pic18-lt\cxx-framework\src\traditional\proc\p18f2455.asm
                 UEP4bits   0x000f74       data     extern E:\3.45\pic18-lt\cxx-framework\src\traditional\proc\p18f2455.asm
                     UEP5   0x000f75       data     extern E:\3.45\pic18-lt\cxx-framework\src\traditional\proc\p18f2455.asm
                 UEP5bits   0x000f75       data     extern E:\3.45\pic18-lt\cxx-framework\src\traditional\proc\p18f2455.asm
                     UEP6   0x000f76       data     extern E:\3.45\pic18-lt\cxx-framework\src\traditional\proc\p18f2455.asm
                 UEP6bits   0x000f76       data     extern E:\3.45\pic18-lt\cxx-framework\src\traditional\proc\p18f2455.asm
                     UEP7   0x000f77       data     extern E:\3.45\pic18-lt\cxx-framework\src\traditional\proc\p18f2455.asm
                 UEP7bits   0x000f77       data     extern E:\3.45\pic18-lt\cxx-framework\src\traditional\proc\p18f2455.asm
                     UEP8   0x000f78       data     extern E:\3.45\pic18-lt\cxx-framework\src\traditional\proc\p18f2455.asm
                 UEP8bits   0x000f78       data     extern E:\3.45\pic18-lt\cxx-framework\src\traditional\proc\p18f2455.asm
                     UEP9   0x000f79       data     extern E:\3.45\pic18-lt\cxx-framework\src\traditional\proc\p18f2455.asm
                 UEP9bits   0x000f79       data     extern E:\3.45\pic18-lt\cxx-framework\src\traditional\proc\p18f2455.asm
                     UFRM   0x000f66       data     extern E:\3.45\pic18-lt\cxx-framework\src\traditional\proc\p18f2455.asm
                    UFRMH   0x000f67       data     extern E:\3.45\pic18-lt\cxx-framework\src\traditional\proc\p18f2455.asm
                UFRMHbits   0x000f67       data     extern E:\3.45\pic18-lt\cxx-framework\src\traditional\proc\p18f2455.asm
                    UFRML   0x000f66       data     extern E:\3.45\pic18-lt\cxx-framework\src\traditional\proc\p18f2455.asm
                UFRMLbits   0x000f66       data     extern E:\3.45\pic18-lt\cxx-framework\src\traditional\proc\p18f2455.asm
                      UIE   0x000f69       data     extern E:\3.45\pic18-lt\cxx-framework\src\traditional\proc\p18f2455.asm
                  UIEbits   0x000f69       data     extern E:\3.45\pic18-lt\cxx-framework\src\traditional\proc\p18f2455.asm
                      UIR   0x000f68       data     extern E:\3.45\pic18-lt\cxx-framework\src\traditional\proc\p18f2455.asm
                  UIRbits   0x000f68       data     extern E:\3.45\pic18-lt\cxx-framework\src\traditional\proc\p18f2455.asm
                    USTAT   0x000f6c       data     extern E:\3.45\pic18-lt\cxx-framework\src\traditional\proc\p18f2455.asm
                USTATbits   0x000f6c       data     extern E:\3.45\pic18-lt\cxx-framework\src\traditional\proc\p18f2455.asm
                   WDTCON   0x000fd1       data     extern E:\3.45\pic18-lt\cxx-framework\src\traditional\proc\p18f2455.asm
               WDTCONbits   0x000fd1       data     extern E:\3.45\pic18-lt\cxx-framework\src\traditional\proc\p18f2455.asm
                     WREG   0x000fe8       data     extern E:\3.45\pic18-lt\cxx-framework\src\traditional\proc\p18f2455.asm
                 __AARGB0   0x000009       data     extern E:\3.45\pic18-lt\cxx-framework\src\traditional\math\aarg.asm
                 __AARGB1   0x000008       data     extern E:\3.45\pic18-lt\cxx-framework\src\traditional\math\aarg.asm
                 __AARGB2   0x000007       data     extern E:\3.45\pic18-lt\cxx-framework\src\traditional\math\aarg.asm
                 __AARGB3   0x000006       data     extern E:\3.45\pic18-lt\cxx-framework\src\traditional\math\aarg.asm
                 __AARGB4   0x000005       data     extern E:\3.45\pic18-lt\cxx-framework\src\traditional\math\aarg.asm
                 __AARGB5   0x000004       data     extern E:\3.45\pic18-lt\cxx-framework\src\traditional\math\aarg.asm
                 __AARGB6   0x000003       data     extern E:\3.45\pic18-lt\cxx-framework\src\traditional\math\aarg.asm
                 __AARGB7   0x000002       data     extern E:\3.45\pic18-lt\cxx-framework\src\traditional\math\aarg.asm
                   __AEXP   0x00000a       data     extern E:\3.45\pic18-lt\cxx-framework\src\traditional\math\aarg.asm
                 __BARGB0   0x00000e       data     extern E:\3.45\pic18-lt\cxx-framework\src\traditional\math\barg.asm
                 __BARGB1   0x00000d       data     extern E:\3.45\pic18-lt\cxx-framework\src\traditional\math\barg.asm
                 __BARGB2   0x00000c       data     extern E:\3.45\pic18-lt\cxx-framework\src\traditional\math\barg.asm
                 __BARGB3   0x00000b       data     extern E:\3.45\pic18-lt\cxx-framework\src\traditional\math\barg.asm
                   __BEXP   0x00000f       data     extern E:\3.45\pic18-lt\cxx-framework\src\traditional\math\barg.asm
                __FPFLAGS   0x000001       data     extern E:\3.45\pic18-lt\cxx-framework\src\traditional\math\cmath18.asm
            __FPFLAGSbits   0x000001       data     extern E:\3.45\pic18-lt\cxx-framework\src\traditional\math\cmath18.asm
                  __REMB0   0x000005       data     extern E:\3.45\pic18-lt\cxx-framework\src\traditional\math\aarg.asm
                  __REMB1   0x000004       data     extern E:\3.45\pic18-lt\cxx-framework\src\traditional\math\aarg.asm
                  __REMB2   0x000003       data     extern E:\3.45\pic18-lt\cxx-framework\src\traditional\math\aarg.asm
                  __REMB3   0x000002       data     extern E:\3.45\pic18-lt\cxx-framework\src\traditional\math\aarg.asm
                  __tmp_0   0x00001c       data     static Z:\home\paul\xfer\picf2450\badge-usb\system\usb\usbctrltrf\usbctrltrf.c
                  __tmp_0   0x00001c       data     static Z:\home\paul\xfer\picf2450\badge-usb\system\usb\usb9\usb9.c
                  __tmp_0   0x00001c       data     static Z:\home\paul\xfer\picf2450\badge-usb\system\usb\class\cdc\cdc.c
                  __tmp_0   0x00001c       data     static Z:\home\paul\xfer\picf2450\badge-usb\user\user.c
                  __tmp_0   0x00001c       data     static Z:\home\paul\xfer\picf2450\badge-usb\i2c\i2c_eerr.c
                  __tmp_0   0x00001c       data     static Z:\home\paul\xfer\picf2450\badge-usb\i2c\i2c_eecr.c
                  __tmp_0   0x00001c       data     static Z:\home\paul\xfer\picf2450\badge-usb\morgan_code.c
                  __tmp_2   0x000010       data     static Z:\home\paul\xfer\picf2450\badge-usb\user\user.c
              bTRNIFCount   0x0000fd       data     extern Z:\home\paul\xfer\picf2450\badge-usb\system\usb\usbdrv\usbdrv.c
                 badge_id   0x0004ef       data     extern Z:\home\paul\xfer\picf2450\badge-usb\morgan_code.c
              cdc_data_rx   0x000438       data     extern Z:\home\paul\xfer\picf2450\badge-usb\system\usb\usbmmap.c
              cdc_data_tx   0x000478       data     extern Z:\home\paul\xfer\picf2450\badge-usb\system\usb\usbmmap.c
             cdc_mem_type   0x0004bf       data     extern Z:\home\paul\xfer\picf2450\badge-usb\system\usb\class\cdc\cdc.c
               cdc_notice   0x000430       data     extern Z:\home\paul\xfer\picf2450\badge-usb\system\usb\usbmmap.c
               cdc_rx_len   0x0004b8       data     extern Z:\home\paul\xfer\picf2450\badge-usb\system\usb\class\cdc\cdc.c
            cdc_trf_state   0x0004b9       data     extern Z:\home\paul\xfer\picf2450\badge-usb\system\usb\class\cdc\cdc.c
               cdc_tx_len   0x0004be       data     extern Z:\home\paul\xfer\picf2450\badge-usb\system\usb\class\cdc\cdc.c
               checkCount   0x0000fa       data     static Z:\home\paul\xfer\picf2450\badge-usb\user\user.c
    control_signal_bitmap   0x0004c7       data     extern Z:\home\paul\xfer\picf2450\badge-usb\system\usb\class\cdc\cdc.c
                     core   0x0004d0       data     extern Z:\home\paul\xfer\picf2450\badge-usb\user\user.c
   ctrl_trf_session_owner   0x000101       data     extern Z:\home\paul\xfer\picf2450\badge-usb\system\usb\usbctrltrf\usbctrltrf.c
           ctrl_trf_state   0x000100       data     extern Z:\home\paul\xfer\picf2450\badge-usb\system\usb\usbctrltrf\usbctrltrf.c
                curr_byte   0x0004e7       data     static E:\3.45\pic18-lt\cxx-framework\src\traditional\startup\c018i.c
               curr_entry   0x0004e9       data     static E:\3.45\pic18-lt\cxx-framework\src\traditional\startup\c018i.c
                 dataArea   0x0004e0       data     extern Z:\home\paul\xfer\picf2450\badge-usb\user\user.c
                 data_ptr   0x0004eb       data     static E:\3.45\pic18-lt\cxx-framework\src\traditional\startup\c018i.c
              delay_count   0x0000fe       data     static Z:\home\paul\xfer\picf2450\badge-usb\system\usb\usbdrv\usbdrv.c
                  doTimer   0x0000f8       data     static Z:\home\paul\xfer\picf2450\badge-usb\user\user.c
dummy_encapsulated_cmd_response   0x0004c8       data     extern Z:\home\paul\xfer\picf2450\badge-usb\system\usb\class\cdc\cdc.c
                    ep0Bi   0x000404       data     extern Z:\home\paul\xfer\picf2450\badge-usb\system\usb\usbmmap.c
                    ep0Bo   0x000400       data     extern Z:\home\paul\xfer\picf2450\badge-usb\system\usb\usbmmap.c
                    ep1Bi   0x00040c       data     extern Z:\home\paul\xfer\picf2450\badge-usb\system\usb\usbmmap.c
                    ep1Bo   0x000408       data     extern Z:\home\paul\xfer\picf2450\badge-usb\system\usb\usbmmap.c
                    ep2Bi   0x000414       data     extern Z:\home\paul\xfer\picf2450\badge-usb\system\usb\usbmmap.c
                    ep2Bo   0x000410       data     extern Z:\home\paul\xfer\picf2450\badge-usb\system\usb\usbmmap.c
                    ep3Bi   0x00041c       data     extern Z:\home\paul\xfer\picf2450\badge-usb\system\usb\usbmmap.c
                    ep3Bo   0x000418       data     extern Z:\home\paul\xfer\picf2450\badge-usb\system\usb\usbmmap.c
                 freqBase   0x0000f5       data     static Z:\home\paul\xfer\picf2450\badge-usb\user\user.c
                freqIndex   0x0000f4       data     static Z:\home\paul\xfer\picf2450\badge-usb\user\user.c
               green_leds   0x0004f2       data     extern Z:\home\paul\xfer\picf2450\badge-usb\morgan_code.c
[...]
                TRISAbits   0x000f92       data     extern E:\3.45\pic18-lt\cxx-framework\src\traditional\proc\p18f2455.asm
                     DDRA   0x000f92       data     extern E:\3.45\pic18-lt\cxx-framework\src\traditional\proc\p18f2455.asm
                 DDRAbits   0x000f92       data     extern E:\3.45\pic18-lt\cxx-framework\src\traditional\proc\p18f2455.asm
                    TRISB   0x000f93       data     extern E:\3.45\pic18-lt\cxx-framework\src\traditional\proc\p18f2455.asm
                TRISBbits   0x000f93       data     extern E:\3.45\pic18-lt\cxx-framework\src\traditional\proc\p18f2455.asm
                     DDRB   0x000f93       data     extern E:\3.45\pic18-lt\cxx-framework\src\traditional\proc\p18f2455.asm
                 DDRBbits   0x000f93       data     extern E:\3.45\pic18-lt\cxx-framework\src\traditional\proc\p18f2455.asm
                 DDRCbits   0x000f94       data     extern E:\3.45\pic18-lt\cxx-framework\src\traditional\proc\p18f2455.asm
                TRISCbits   0x000f94       data     extern E:\3.45\pic18-lt\cxx-framework\src\traditional\proc\p18f2455.asm
                    TRISC   0x000f94       data     extern E:\3.45\pic18-lt\cxx-framework\src\traditional\proc\p18f2455.asm
                     DDRC   0x000f94       data     extern E:\3.45\pic18-lt\cxx-framework\src\traditional\proc\p18f2455.asm
              OSCTUNEbits   0x000f9b       data     extern E:\3.45\pic18-lt\cxx-framework\src\traditional\proc\p18f2455.asm
                  OSCTUNE   0x000f9b       data     extern E:\3.45\pic18-lt\cxx-framework\src\traditional\proc\p18f2455.asm
                     PIE1   0x000f9d       data     extern E:\3.45\pic18-lt\cxx-framework\src\traditional\proc\p18f2455.asm
                 PIE1bits   0x000f9d       data     extern E:\3.45\pic18-lt\cxx-framework\src\traditional\proc\p18f2455.asm
                 PIR1bits   0x000f9e       data     extern E:\3.45\pic18-lt\cxx-framework\src\traditional\proc\p18f2455.asm
                     PIR1   0x000f9e       data     extern E:\3.45\pic18-lt\cxx-framework\src\traditional\proc\p18f2455.asm
                     IPR1   0x000f9f       data     extern E:\3.45\pic18-lt\cxx-framework\src\traditional\proc\p18f2455.asm
                 IPR1bits   0x000f9f       data     extern E:\3.45\pic18-lt\cxx-framework\src\traditional\proc\p18f2455.asm
                 PIE2bits   0x000fa0       data     extern E:\3.45\pic18-lt\cxx-framework\src\traditional\proc\p18f2455.asm
                     PIE2   0x000fa0       data     extern E:\3.45\pic18-lt\cxx-framework\src\traditional\proc\p18f2455.asm
                 PIR2bits   0x000fa1       data     extern E:\3.45\pic18-lt\cxx-framework\src\traditional\proc\p18f2455.asm
                     PIR2   0x000fa1       data     extern E:\3.45\pic18-lt\cxx-framework\src\traditional\proc\p18f2455.asm
                     IPR2   0x000fa2       data     extern E:\3.45\pic18-lt\cxx-framework\src\traditional\proc\p18f2455.asm
                 IPR2bits   0x000fa2       data     extern E:\3.45\pic18-lt\cxx-framework\src\traditional\proc\p18f2455.asm
                   EECON1   0x000fa6       data     extern E:\3.45\pic18-lt\cxx-framework\src\traditional\proc\p18f2455.asm
               EECON1bits   0x000fa6       data     extern E:\3.45\pic18-lt\cxx-framework\src\traditional\proc\p18f2455.asm
                   EECON2   0x000fa7       data     extern E:\3.45\pic18-lt\cxx-framework\src\traditional\proc\p18f2455.asm
                   EEDATA   0x000fa8       data     extern E:\3.45\pic18-lt\cxx-framework\src\traditional\proc\p18f2455.asm
                    EEADR   0x000fa9       data     extern E:\3.45\pic18-lt\cxx-framework\src\traditional\proc\p18f2455.asm
                    RCSTA   0x000fab       data     extern E:\3.45\pic18-lt\cxx-framework\src\traditional\proc\p18f2455.asm
                RCSTAbits   0x000fab       data     extern E:\3.45\pic18-lt\cxx-framework\src\traditional\proc\p18f2455.asm
                TXSTAbits   0x000fac       data     extern E:\3.45\pic18-lt\cxx-framework\src\traditional\proc\p18f2455.asm
                    TXSTA   0x000fac       data     extern E:\3.45\pic18-lt\cxx-framework\src\traditional\proc\p18f2455.asm
                    TXREG   0x000fad       data     extern E:\3.45\pic18-lt\cxx-framework\src\traditional\proc\p18f2455.asm
                    RCREG   0x000fae       data     extern E:\3.45\pic18-lt\cxx-framework\src\traditional\proc\p18f2455.asm
                    SPBRG   0x000faf       data     extern E:\3.45\pic18-lt\cxx-framework\src\traditional\proc\p18f2455.asm
                   SPBRGH   0x000fb0       data     extern E:\3.45\pic18-lt\cxx-framework\src\traditional\proc\p18f2455.asm
                T3CONbits   0x000fb1       data     extern E:\3.45\pic18-lt\cxx-framework\src\traditional\proc\p18f2455.asm
                    T3CON   0x000fb1       data     extern E:\3.45\pic18-lt\cxx-framework\src\traditional\proc\p18f2455.asm
                    TMR3L   0x000fb2       data     extern E:\3.45\pic18-lt\cxx-framework\src\traditional\proc\p18f2455.asm
                    TMR3H   0x000fb3       data     extern E:\3.45\pic18-lt\cxx-framework\src\traditional\proc\p18f2455.asm
                    CMCON   0x000fb4       data     extern E:\3.45\pic18-lt\cxx-framework\src\traditional\proc\p18f2455.asm
                CMCONbits   0x000fb4       data     extern E:\3.45\pic18-lt\cxx-framework\src\traditional\proc\p18f2455.asm
               CVRCONbits   0x000fb5       data     extern E:\3.45\pic18-lt\cxx-framework\src\traditional\proc\p18f2455.asm
                   CVRCON   0x000fb5       data     extern E:\3.45\pic18-lt\cxx-framework\src\traditional\proc\p18f2455.asm
              ECCP1ASbits   0x000fb6       data     extern E:\3.45\pic18-lt\cxx-framework\src\traditional\proc\p18f2455.asm
                  ECCP1AS   0x000fb6       data     extern E:\3.45\pic18-lt\cxx-framework\src\traditional\proc\p18f2455.asm
                   CCP1AS   0x000fb6       data     extern E:\3.45\pic18-lt\cxx-framework\src\traditional\proc\p18f2455.asm
               CCP1ASbits   0x000fb6       data     extern E:\3.45\pic18-lt\cxx-framework\src\traditional\proc\p18f2455.asm
             ECCP1DELbits   0x000fb7       data     extern E:\3.45\pic18-lt\cxx-framework\src\traditional\proc\p18f2455.asm
                 ECCP1DEL   0x000fb7       data     extern E:\3.45\pic18-lt\cxx-framework\src\traditional\proc\p18f2455.asm
              CCP1DELbits   0x000fb7       data     extern E:\3.45\pic18-lt\cxx-framework\src\traditional\proc\p18f2455.asm
                  CCP1DEL   0x000fb7       data     extern E:\3.45\pic18-lt\cxx-framework\src\traditional\proc\p18f2455.asm
              BAUDCTLbits   0x000fb8       data     extern E:\3.45\pic18-lt\cxx-framework\src\traditional\proc\p18f2455.asm
                  BAUDCON   0x000fb8       data     extern E:\3.45\pic18-lt\cxx-framework\src\traditional\proc\p18f2455.asm
              BAUDCONbits   0x000fb8       data     extern E:\3.45\pic18-lt\cxx-framework\src\traditional\proc\p18f2455.asm
                  BAUDCTL   0x000fb8       data     extern E:\3.45\pic18-lt\cxx-framework\src\traditional\proc\p18f2455.asm
              CCP2CONbits   0x000fba       data     extern E:\3.45\pic18-lt\cxx-framework\src\traditional\proc\p18f2455.asm
                  CCP2CON   0x000fba       data     extern E:\3.45\pic18-lt\cxx-framework\src\traditional\proc\p18f2455.asm
                    CCPR2   0x000fbb       data     extern E:\3.45\pic18-lt\cxx-framework\src\traditional\proc\p18f2455.asm
                   CCPR2L   0x000fbb       data     extern E:\3.45\pic18-lt\cxx-framework\src\traditional\proc\p18f2455.asm
                   CCPR2H   0x000fbc       data     extern E:\3.45\pic18-lt\cxx-framework\src\traditional\proc\p18f2455.asm
              CCP1CONbits   0x000fbd       data     extern E:\3.45\pic18-lt\cxx-framework\src\traditional\proc\p18f2455.asm
                  CCP1CON   0x000fbd       data     extern E:\3.45\pic18-lt\cxx-framework\src\traditional\proc\p18f2455.asm
                    CCPR1   0x000fbe       data     extern E:\3.45\pic18-lt\cxx-framework\src\traditional\proc\p18f2455.asm
                   CCPR1L   0x000fbe       data     extern E:\3.45\pic18-lt\cxx-framework\src\traditional\proc\p18f2455.asm
                   CCPR1H   0x000fbf       data     extern E:\3.45\pic18-lt\cxx-framework\src\traditional\proc\p18f2455.asm
               ADCON2bits   0x000fc0       data     extern E:\3.45\pic18-lt\cxx-framework\src\traditional\proc\p18f2455.asm
                   ADCON2   0x000fc0       data     extern E:\3.45\pic18-lt\cxx-framework\src\traditional\proc\p18f2455.asm
               ADCON1bits   0x000fc1       data     extern E:\3.45\pic18-lt\cxx-framework\src\traditional\proc\p18f2455.asm
                   ADCON1   0x000fc1       data     extern E:\3.45\pic18-lt\cxx-framework\src\traditional\proc\p18f2455.asm
                   ADCON0   0x000fc2       data     extern E:\3.45\pic18-lt\cxx-framework\src\traditional\proc\p18f2455.asm
               ADCON0bits   0x000fc2       data     extern E:\3.45\pic18-lt\cxx-framework\src\traditional\proc\p18f2455.asm
                    ADRES   0x000fc3       data     extern E:\3.45\pic18-lt\cxx-framework\src\traditional\proc\p18f2455.asm
                   ADRESL   0x000fc3       data     extern E:\3.45\pic18-lt\cxx-framework\src\traditional\proc\p18f2455.asm
                   ADRESH   0x000fc4       data     extern E:\3.45\pic18-lt\cxx-framework\src\traditional\proc\p18f2455.asm
                  SSPCON2   0x000fc5       data     extern E:\3.45\pic18-lt\cxx-framework\src\traditional\proc\p18f2455.asm
              SSPCON2bits   0x000fc5       data     extern E:\3.45\pic18-lt\cxx-framework\src\traditional\proc\p18f2455.asm
                  SSPCON1   0x000fc6       data     extern E:\3.45\pic18-lt\cxx-framework\src\traditional\proc\p18f2455.asm
              SSPCON1bits   0x000fc6       data     extern E:\3.45\pic18-lt\cxx-framework\src\traditional\proc\p18f2455.asm
                  SSPSTAT   0x000fc7       data     extern E:\3.45\pic18-lt\cxx-framework\src\traditional\proc\p18f2455.asm
              SSPSTATbits   0x000fc7       data     extern E:\3.45\pic18-lt\cxx-framework\src\traditional\proc\p18f2455.asm
                   SSPADD   0x000fc8       data     extern E:\3.45\pic18-lt\cxx-framework\src\traditional\proc\p18f2455.asm
                   SSPBUF   0x000fc9       data     extern E:\3.45\pic18-lt\cxx-framework\src\traditional\proc\p18f2455.asm
                    T2CON   0x000fca       data     extern E:\3.45\pic18-lt\cxx-framework\src\traditional\proc\p18f2455.asm
                T2CONbits   0x000fca       data     extern E:\3.45\pic18-lt\cxx-framework\src\traditional\proc\p18f2455.asm
                      PR2   0x000fcb       data     extern E:\3.45\pic18-lt\cxx-framework\src\traditional\proc\p18f2455.asm
                     TMR2   0x000fcc       data     extern E:\3.45\pic18-lt\cxx-framework\src\traditional\proc\p18f2455.asm
                T1CONbits   0x000fcd       data     extern E:\3.45\pic18-lt\cxx-framework\src\traditional\proc\p18f2455.asm
                    T1CON   0x000fcd       data     extern E:\3.45\pic18-lt\cxx-framework\src\traditional\proc\p18f2455.asm
                    TMR1L   0x000fce       data     extern E:\3.45\pic18-lt\cxx-framework\src\traditional\proc\p18f2455.asm
                    TMR1H   0x000fcf       data     extern E:\3.45\pic18-lt\cxx-framework\src\traditional\proc\p18f2455.asm
                     RCON   0x000fd0       data     extern E:\3.45\pic18-lt\cxx-framework\src\traditional\proc\p18f2455.asm
                 RCONbits   0x000fd0       data     extern E:\3.45\pic18-lt\cxx-framework\src\traditional\proc\p18f2455.asm
               WDTCONbits   0x000fd1       data     extern E:\3.45\pic18-lt\cxx-framework\src\traditional\proc\p18f2455.asm
                   WDTCON   0x000fd1       data     extern E:\3.45\pic18-lt\cxx-framework\src\traditional\proc\p18f2455.asm
               LVDCONbits   0x000fd2       data     extern E:\3.45\pic18-lt\cxx-framework\src\traditional\proc\p18f2455.asm
                   LVDCON   0x000fd2       data     extern E:\3.45\pic18-lt\cxx-framework\src\traditional\proc\p18f2455.asm
              HLVDCONbits   0x000fd2       data     extern E:\3.45\pic18-lt\cxx-framework\src\traditional\proc\p18f2455.asm
                  HLVDCON   0x000fd2       data     extern E:\3.45\pic18-lt\cxx-framework\src\traditional\proc\p18f2455.asm
               OSCCONbits   0x000fd3       data     extern E:\3.45\pic18-lt\cxx-framework\src\traditional\proc\p18f2455.asm
                   OSCCON   0x000fd3       data     extern E:\3.45\pic18-lt\cxx-framework\src\traditional\proc\p18f2455.asm
                    T0CON   0x000fd5       data     extern E:\3.45\pic18-lt\cxx-framework\src\traditional\proc\p18f2455.asm
                T0CONbits   0x000fd5       data     extern E:\3.45\pic18-lt\cxx-framework\src\traditional\proc\p18f2455.asm
                    TMR0L   0x000fd6       data     extern E:\3.45\pic18-lt\cxx-framework\src\traditional\proc\p18f2455.asm
                    TMR0H   0x000fd7       data     extern E:\3.45\pic18-lt\cxx-framework\src\traditional\proc\p18f2455.asm
                   STATUS   0x000fd8       data     extern E:\3.45\pic18-lt\cxx-framework\src\traditional\proc\p18f2455.asm
               STATUSbits   0x000fd8       data     extern E:\3.45\pic18-lt\cxx-framework\src\traditional\proc\p18f2455.asm
                    FSR2L   0x000fd9       data     extern E:\3.45\pic18-lt\cxx-framework\src\traditional\proc\p18f2455.asm
                     FSR2   0x000fd9       data     extern E:\3.45\pic18-lt\cxx-framework\src\traditional\proc\p18f2455.asm
                    FSR2H   0x000fda       data     extern E:\3.45\pic18-lt\cxx-framework\src\traditional\proc\p18f2455.asm
                   PLUSW2   0x000fdb       data     extern E:\3.45\pic18-lt\cxx-framework\src\traditional\proc\p18f2455.asm
                  PREINC2   0x000fdc       data     extern E:\3.45\pic18-lt\cxx-framework\src\traditional\proc\p18f2455.asm
                 POSTDEC2   0x000fdd       data     extern E:\3.45\pic18-lt\cxx-framework\src\traditional\proc\p18f2455.asm
                 POSTINC2   0x000fde       data     extern E:\3.45\pic18-lt\cxx-framework\src\traditional\proc\p18f2455.asm
                    INDF2   0x000fdf       data     extern E:\3.45\pic18-lt\cxx-framework\src\traditional\proc\p18f2455.asm
                      BSR   0x000fe0       data     extern E:\3.45\pic18-lt\cxx-framework\src\traditional\proc\p18f2455.asm
                    FSR1L   0x000fe1       data     extern E:\3.45\pic18-lt\cxx-framework\src\traditional\proc\p18f2455.asm
                     FSR1   0x000fe1       data     extern E:\3.45\pic18-lt\cxx-framework\src\traditional\proc\p18f2455.asm
                    FSR1H   0x000fe2       data     extern E:\3.45\pic18-lt\cxx-framework\src\traditional\proc\p18f2455.asm
                   PLUSW1   0x000fe3       data     extern E:\3.45\pic18-lt\cxx-framework\src\traditional\proc\p18f2455.asm
                  PREINC1   0x000fe4       data     extern E:\3.45\pic18-lt\cxx-framework\src\traditional\proc\p18f2455.asm
                 POSTDEC1   0x000fe5       data     extern E:\3.45\pic18-lt\cxx-framework\src\traditional\proc\p18f2455.asm
                 POSTINC1   0x000fe6       data     extern E:\3.45\pic18-lt\cxx-framework\src\traditional\proc\p18f2455.asm
                    INDF1   0x000fe7       data     extern E:\3.45\pic18-lt\cxx-framework\src\traditional\proc\p18f2455.asm
                     WREG   0x000fe8       data     extern E:\3.45\pic18-lt\cxx-framework\src\traditional\proc\p18f2455.asm
                     FSR0   0x000fe9       data     extern E:\3.45\pic18-lt\cxx-framework\src\traditional\proc\p18f2455.asm
                    FSR0L   0x000fe9       data     extern E:\3.45\pic18-lt\cxx-framework\src\traditional\proc\p18f2455.asm
                    FSR0H   0x000fea       data     extern E:\3.45\pic18-lt\cxx-framework\src\traditional\proc\p18f2455.asm
                   PLUSW0   0x000feb       data     extern E:\3.45\pic18-lt\cxx-framework\src\traditional\proc\p18f2455.asm
                  PREINC0   0x000fec       data     extern E:\3.45\pic18-lt\cxx-framework\src\traditional\proc\p18f2455.asm
                 POSTDEC0   0x000fed       data     extern E:\3.45\pic18-lt\cxx-framework\src\traditional\proc\p18f2455.asm
                 POSTINC0   0x000fee       data     extern E:\3.45\pic18-lt\cxx-framework\src\traditional\proc\p18f2455.asm
                    INDF0   0x000fef       data     extern E:\3.45\pic18-lt\cxx-framework\src\traditional\proc\p18f2455.asm
              INTCON3bits   0x000ff0       data     extern E:\3.45\pic18-lt\cxx-framework\src\traditional\proc\p18f2455.asm
                  INTCON3   0x000ff0       data     extern E:\3.45\pic18-lt\cxx-framework\src\traditional\proc\p18f2455.asm
              INTCON2bits   0x000ff1       data     extern E:\3.45\pic18-lt\cxx-framework\src\traditional\proc\p18f2455.asm
                  INTCON2   0x000ff1       data     extern E:\3.45\pic18-lt\cxx-framework\src\traditional\proc\p18f2455.asm
               INTCONbits   0x000ff2       data     extern E:\3.45\pic18-lt\cxx-framework\src\traditional\proc\p18f2455.asm
                   INTCON   0x000ff2       data     extern E:\3.45\pic18-lt\cxx-framework\src\traditional\proc\p18f2455.asm
                     PROD   0x000ff3       data     extern E:\3.45\pic18-lt\cxx-framework\src\traditional\proc\p18f2455.asm
                    PRODL   0x000ff3       data     extern E:\3.45\pic18-lt\cxx-framework\src\traditional\proc\p18f2455.asm
                    PRODH   0x000ff4       data     extern E:\3.45\pic18-lt\cxx-framework\src\traditional\proc\p18f2455.asm
                   TABLAT   0x000ff5       data     extern E:\3.45\pic18-lt\cxx-framework\src\traditional\proc\p18f2455.asm
                  TBLPTRL   0x000ff6       data     extern E:\3.45\pic18-lt\cxx-framework\src\traditional\proc\p18f2455.asm
                   TBLPTR   0x000ff6       data     extern E:\3.45\pic18-lt\cxx-framework\src\traditional\proc\p18f2455.asm
                  TBLPTRH   0x000ff7       data     extern E:\3.45\pic18-lt\cxx-framework\src\traditional\proc\p18f2455.asm
                  TBLPTRU   0x000ff8       data     extern E:\3.45\pic18-lt\cxx-framework\src\traditional\proc\p18f2455.asm
                       PC   0x000ff9       data     extern E:\3.45\pic18-lt\cxx-framework\src\traditional\proc\p18f2455.asm
                      PCL   0x000ff9       data     extern E:\3.45\pic18-lt\cxx-framework\src\traditional\proc\p18f2455.asm
                   PCLATH   0x000ffa       data     extern E:\3.45\pic18-lt\cxx-framework\src\traditional\proc\p18f2455.asm
                   PCLATU   0x000ffb       data     extern E:\3.45\pic18-lt\cxx-framework\src\traditional\proc\p18f2455.asm
                   STKPTR   0x000ffc       data     extern E:\3.45\pic18-lt\cxx-framework\src\traditional\proc\p18f2455.asm
               STKPTRbits   0x000ffc       data     extern E:\3.45\pic18-lt\cxx-framework\src\traditional\proc\p18f2455.asm
                      TOS   0x000ffd       data     extern E:\3.45\pic18-lt\cxx-framework\src\traditional\proc\p18f2455.asm
                     TOSL   0x000ffd       data     extern E:\3.45\pic18-lt\cxx-framework\src\traditional\proc\p18f2455.asm
                     TOSH   0x000ffe       data     extern E:\3.45\pic18-lt\cxx-framework\src\traditional\proc\p18f2455.asm
                     TOSU   0x000fff       data     extern E:\3.45\pic18-lt\cxx-framework\src\traditional\proc\p18f2455.asm


